Undefined command: "plist".  Try "help".
#0  rb_erase (node=0x87d95350, root=0x80147f18 <global_mm+8>) at kernel/rbtree_impl.c:197
#1  0x000000008001339a in remove_vma (mm=0x80147f10 <global_mm>, vma=0x87d95300)
    at kernel/kvm.c:965
#2  0x0000000080013830 in kvmdealloc_range (Kpagetable=0x87dce000, va_start=0x90000000, 
    va_end=0x90023000) at kernel/kvm.c:1072
#3  0x0000000080013e7e in kvmdealloc (Kpagetable=0x87dce000, start_va=0x90000000, sz=0x23000)
    at kernel/kvm.c:1221
#4  0x0000000080014f44 in test_kvm_stress_worker (iters=0x4e20, max_live=0x100, max_pages=0x40)
    at kernel/kvm.c:1557
#5  0x00000000800191d2 in sys_load_debug_sym () at kernel/printf.c:340
#6  0x000000008000a626 in syscall () at kernel/syscall.c:206
#7  0x0000000080009b50 in usertrap () at kernel/trap.c:56
#8  0x0000003ffffff09c in ?? ()

=== Walking List: root->rb_parent (via ->rb_left) ===

[0] @ 0x87d950f8
 |
 V
[1] @ 0x87d95080
 |
 V
[2] @ 0x87d95170
 |
 X (NULL)



=== Walking List: root->rb_parent (via ->rb_right) ===

[0] @ 0x87d950f8
 |
 V
[1] @ 0x87d95260
 |
 V
[2] @ 0x87d952d8
 |
 X (NULL)


$5 = (rb_node_t *) 0x87d950f8
$6 = (rb_node_t *) 0x87d95350
$7 = {rb_parent_color = 0x87d952d9, rb_left = 0x0, rb_right = 0x0}
Error parsing pointer: A syntax error in expression, near `'.

=== Tree View: root->rb_parent (L: rb_left, R: rb_right) ===

[Root] @ 0x87d950f8
├── [L] @ 0x87d95080
│   └── [L] @ 0x87d95170
└── [R] @ 0x87d95260
    ├── [L] @ 0x87d951e8
    └── [R] @ 0x87d952d8
        └── [L] @ 0x87d95350


$8 = (rb_node_t *) 0x87d95350
$9 = (rb_node_t *) 0x87d952d8
$10 = {rb_parent_color = 0x87d95260, rb_left = 0x87d95350, rb_right = 0x0}
$11 = {rb_parent_color = 0x87d95260, rb_left = 0x0, rb_right = 0x0}
$12 = (rb_node_t *) 0x0
$13 = (rb_node_t *) 0x87d952d8
$14 = (rb_node_t *) 0x87d95350
$15 = 0x1
my_earse_color (node=0x0, parent=0x87d952d8, root=0x80147f18 <global_mm+8>) at kernel/rbtree_impl.c:294
$16 = 0x0
