
xv6 kernel is booting

[KALLOC:kinit] initializing memory allocator
[KALLOC:kinit] initialization complete
[KALLOC:kalloc] pid=-1(kernel) requesting PGSIZE
[KALLOC:alloc_memory] pid=-1(kernel) allocated size=1000 at pa=0x0000000087f13000 order=0
[KALLOC:kalloc] pid=-1(kernel) requesting PGSIZE
[KALLOC:alloc_memory] pid=-1(kernel) allocated size=1000 at pa=0x0000000087f12000 order=0
[VM:mappages] va=0x0000000010000000 size=0x1000 pa=0x0000000010000000 perm=0x6
[KALLOC:kalloc] pid=-1(kernel) requesting PGSIZE
[KALLOC:alloc_memory] pid=-1(kernel) allocated size=1000 at pa=0x0000000087f11000 order=0
[KALLOC:kalloc] pid=-1(kernel) requesting PGSIZE
[KALLOC:alloc_memory] pid=-1(kernel) allocated size=1000 at pa=0x0000000087f10000 order=0
[VM:mappages] va=0x0000000010001000 size=0x1000 pa=0x0000000010001000 perm=0x6
[VM:mappages] va=0x000000000c000000 size=0x4000000 pa=0x000000000c000000 perm=0x6
[VM:mappages] va=0x0000000080000000 size=0xf000 pa=0x0000000080000000 perm=0xa
[KALLOC:kalloc] pid=-1(kernel) requesting PGSIZE
[KALLOC:alloc_memory] pid=-1(kernel) allocated size=1000 at pa=0x00000000800ef000 order=0
[KALLOC:kalloc] pid=-1(kernel) requesting PGSIZE
[KALLOC:alloc_memory] pid=-1(kernel) allocated size=1000 at pa=0x00000000800ee000 order=0
[VM:mappages] va=0x000000008000f000 size=0x7ff1000 pa=0x000000008000f000 perm=0x6
[VM:mappages] va=0x0000003ffffff000 size=0x1000 pa=0x000000008000e000 perm=0xa
[KALLOC:kalloc] pid=-1(kernel) requesting PGSIZE
[KALLOC:alloc_memory] pid=-1(kernel) allocated size=1000 at pa=0x00000000800ed000 order=0
[KALLOC:kalloc] pid=-1(kernel) requesting PGSIZE
[KALLOC:alloc_memory] pid=-1(kernel) allocated size=1000 at pa=0x00000000800ec000 order=0
[KALLOC:kalloc] pid=-1(kernel) requesting PGSIZE
[KALLOC:alloc_memory] pid=-1(kernel) allocated size=1000 at pa=0x0000000087f0f000 order=0
[VM:mappages] va=0x0000003fffffc000 size=0x1000 pa=0x0000000087f0f000 perm=0x6
[KALLOC:kalloc] pid=-1(kernel) requesting PGSIZE
[KALLOC:alloc_memory] pid=-1(kernel) allocated size=1000 at pa=0x0000000087f0e000 order=0
[VM:mappages] va=0x0000003fffffa000 size=0x1000 pa=0x0000000087f0e000 perm=0x6
[KALLOC:kalloc] pid=-1(kernel) requesting PGSIZE
[KALLOC:alloc_memory] pid=-1(kernel) allocated size=1000 at pa=0x0000000087f0d000 order=0
[VM:mappages] va=0x0000003fffff8000 size=0x1000 pa=0x0000000087f0d000 perm=0x6
[KALLOC:kalloc] pid=-1(kernel) requesting PGSIZE
[KALLOC:alloc_memory] pid=-1(kernel) allocated size=1000 at pa=0x0000000087f0c000 order=0
[VM:mappages] va=0x0000003fffff6000 size=0x1000 pa=0x0000000087f0c000 perm=0x6
[KALLOC:kalloc] pid=-1(kernel) requesting PGSIZE
[KALLOC:alloc_memory] pid=-1(kernel) allocated size=1000 at pa=0x0000000087f0b000 order=0
[VM:mappages] va=0x0000003fffff4000 size=0x1000 pa=0x0000000087f0b000 perm=0x6
[KALLOC:kalloc] pid=-1(kernel) requesting PGSIZE
[KALLOC:alloc_memory] pid=-1(kernel) allocated size=1000 at pa=0x0000000087f0a000 order=0
[VM:mappages] va=0x0000003fffff2000 size=0x1000 pa=0x0000000087f0a000 perm=0x6
[KALLOC:kalloc] pid=-1(kernel) requesting PGSIZE
[KALLOC:alloc_memory] pid=-1(kernel) allocated size=1000 at pa=0x0000000087f09000 order=0
[VM:mappages] va=0x0000003fffff0000 size=0x1000 pa=0x0000000087f09000 perm=0x6
[KALLOC:kalloc] pid=-1(kernel) requesting PGSIZE
[KALLOC:alloc_memory] pid=-1(kernel) allocated size=1000 at pa=0x0000000087f08000 order=0
[VM:mappages] va=0x0000003ffffee000 size=0x1000 pa=0x0000000087f08000 perm=0x6
[KALLOC:kalloc] pid=-1(kernel) requesting PGSIZE
[KALLOC:alloc_memory] pid=-1(kernel) allocated size=1000 at pa=0x0000000087f07000 order=0
[VM:mappages] va=0x0000003ffffec000 size=0x1000 pa=0x0000000087f07000 perm=0x6
[KALLOC:kalloc] pid=-1(kernel) requesting PGSIZE
[KALLOC:alloc_memory] pid=-1(kernel) allocated size=1000 at pa=0x0000000087f06000 order=0
[VM:mappages] va=0x0000003ffffea000 size=0x1000 pa=0x0000000087f06000 perm=0x6
[KALLOC:kalloc] pid=-1(kernel) requesting PGSIZE
[KALLOC:alloc_memory] pid=-1(kernel) allocated size=1000 at pa=0x0000000087f05000 order=0
[VM:mappages] va=0x0000003ffffe8000 size=0x1000 pa=0x0000000087f05000 perm=0x6
[KALLOC:kalloc] pid=-1(kernel) requesting PGSIZE
[KALLOC:alloc_memory] pid=-1(kernel) allocated size=1000 at pa=0x0000000087f04000 order=0
[VM:mappages] va=0x0000003ffffe6000 size=0x1000 pa=0x0000000087f04000 perm=0x6
[KALLOC:kalloc] pid=-1(kernel) requesting PGSIZE
[KALLOC:alloc_memory] pid=-1(kernel) allocated size=1000 at pa=0x0000000087f03000 order=0
[VM:mappages] va=0x0000003ffffe4000 size=0x1000 pa=0x0000000087f03000 perm=0x6
[KALLOC:kalloc] pid=-1(kernel) requesting PGSIZE
[KALLOC:alloc_memory] pid=-1(kernel) allocated size=1000 at pa=0x0000000087f02000 order=0
[VM:mappages] va=0x0000003ffffe2000 size=0x1000 pa=0x0000000087f02000 perm=0x6
[KALLOC:kalloc] pid=-1(kernel) requesting PGSIZE
[KALLOC:alloc_memory] pid=-1(kernel) allocated size=1000 at pa=0x0000000087f01000 order=0
[VM:mappages] va=0x0000003ffffe0000 size=0x1000 pa=0x0000000087f01000 perm=0x6
[KALLOC:kalloc] pid=-1(kernel) requesting PGSIZE
[KALLOC:alloc_memory] pid=-1(kernel) allocated size=1000 at pa=0x0000000087f00000 order=0
[VM:mappages] va=0x0000003ffffde000 size=0x1000 pa=0x0000000087f00000 perm=0x6
[KALLOC:kalloc] pid=-1(kernel) requesting PGSIZE
[KALLOC:alloc_memory] pid=-1(kernel) allocated size=1000 at pa=0x00000000800ff000 order=0
[VM:mappages] va=0x0000003ffffdc000 size=0x1000 pa=0x00000000800ff000 perm=0x6
[KALLOC:kalloc] pid=-1(kernel) requesting PGSIZE
[KALLOC:alloc_memory] pid=-1(kernel) allocated size=1000 at pa=0x00000000800fe000 order=0
[VM:mappages] va=0x0000003ffffda000 size=0x1000 pa=0x00000000800fe000 perm=0x6
[KALLOC:kalloc] pid=-1(kernel) requesting PGSIZE
[KALLOC:alloc_memory] pid=-1(kernel) allocated size=1000 at pa=0x00000000800fd000 order=0
[VM:mappages] va=0x0000003ffffd8000 size=0x1000 pa=0x00000000800fd000 perm=0x6
[KALLOC:kalloc] pid=-1(kernel) requesting PGSIZE
[KALLOC:alloc_memory] pid=-1(kernel) allocated size=1000 at pa=0x00000000800fc000 order=0
[VM:mappages] va=0x0000003ffffd6000 size=0x1000 pa=0x00000000800fc000 perm=0x6
[KALLOC:kalloc] pid=-1(kernel) requesting PGSIZE
[KALLOC:alloc_memory] pid=-1(kernel) allocated size=1000 at pa=0x00000000800fb000 order=0
[VM:mappages] va=0x0000003ffffd4000 size=0x1000 pa=0x00000000800fb000 perm=0x6
[KALLOC:kalloc] pid=-1(kernel) requesting PGSIZE
[KALLOC:alloc_memory] pid=-1(kernel) allocated size=1000 at pa=0x00000000800fa000 order=0
[VM:mappages] va=0x0000003ffffd2000 size=0x1000 pa=0x00000000800fa000 perm=0x6
[KALLOC:kalloc] pid=-1(kernel) requesting PGSIZE
[KALLOC:alloc_memory] pid=-1(kernel) allocated size=1000 at pa=0x00000000800f9000 order=0
[VM:mappages] va=0x0000003ffffd0000 size=0x1000 pa=0x00000000800f9000 perm=0x6
[KALLOC:kalloc] pid=-1(kernel) requesting PGSIZE
[KALLOC:alloc_memory] pid=-1(kernel) allocated size=1000 at pa=0x00000000800f8000 order=0
[VM:mappages] va=0x0000003ffffce000 size=0x1000 pa=0x00000000800f8000 perm=0x6
[KALLOC:kalloc] pid=-1(kernel) requesting PGSIZE
[KALLOC:alloc_memory] pid=-1(kernel) allocated size=1000 at pa=0x00000000800f7000 order=0
[VM:mappages] va=0x0000003ffffcc000 size=0x1000 pa=0x00000000800f7000 perm=0x6
[KALLOC:kalloc] pid=-1(kernel) requesting PGSIZE
[KALLOC:alloc_memory] pid=-1(kernel) allocated size=1000 at pa=0x00000000800f6000 order=0
[VM:mappages] va=0x0000003ffffca000 size=0x1000 pa=0x00000000800f6000 perm=0x6
[KALLOC:kalloc] pid=-1(kernel) requesting PGSIZE
[KALLOC:alloc_memory] pid=-1(kernel) allocated size=1000 at pa=0x00000000800f5000 order=0
[VM:mappages] va=0x0000003ffffc8000 size=0x1000 pa=0x00000000800f5000 perm=0x6
[KALLOC:kalloc] pid=-1(kernel) requesting PGSIZE
[KALLOC:alloc_memory] pid=-1(kernel) allocated size=1000 at pa=0x00000000800f4000 order=0
[VM:mappages] va=0x0000003ffffc6000 size=0x1000 pa=0x00000000800f4000 perm=0x6
[KALLOC:kalloc] pid=-1(kernel) requesting PGSIZE
[KALLOC:alloc_memory] pid=-1(kernel) allocated size=1000 at pa=0x00000000800f3000 order=0
[VM:mappages] va=0x0000003ffffc4000 size=0x1000 pa=0x00000000800f3000 perm=0x6
[KALLOC:kalloc] pid=-1(kernel) requesting PGSIZE
[KALLOC:alloc_memory] pid=-1(kernel) allocated size=1000 at pa=0x00000000800f2000 order=0
[VM:mappages] va=0x0000003ffffc2000 size=0x1000 pa=0x00000000800f2000 perm=0x6
[KALLOC:kalloc] pid=-1(kernel) requesting PGSIZE
[KALLOC:alloc_memory] pid=-1(kernel) allocated size=1000 at pa=0x00000000800f1000 order=0
[VM:mappages] va=0x0000003ffffc0000 size=0x1000 pa=0x00000000800f1000 perm=0x6
[KALLOC:kalloc] pid=-1(kernel) requesting PGSIZE
[KALLOC:alloc_memory] pid=-1(kernel) allocated size=1000 at pa=0x00000000800f0000 order=0
[VM:mappages] va=0x0000003ffffbe000 size=0x1000 pa=0x00000000800f0000 perm=0x6
[KALLOC:kalloc] pid=-1(kernel) requesting PGSIZE
[KALLOC:alloc_memory] pid=-1(kernel) allocated size=1000 at pa=0x0000000087eff000 order=0
[VM:mappages] va=0x0000003ffffbc000 size=0x1000 pa=0x0000000087eff000 perm=0x6
[KALLOC:kalloc] pid=-1(kernel) requesting PGSIZE
[KALLOC:alloc_memory] pid=-1(kernel) allocated size=1000 at pa=0x0000000087efe000 order=0
[VM:mappages] va=0x0000003ffffba000 size=0x1000 pa=0x0000000087efe000 perm=0x6
[KALLOC:kalloc] pid=-1(kernel) requesting PGSIZE
[KALLOC:alloc_memory] pid=-1(kernel) allocated size=1000 at pa=0x0000000087efd000 order=0
[VM:mappages] va=0x0000003ffffb8000 size=0x1000 pa=0x0000000087efd000 perm=0x6
[KALLOC:kalloc] pid=-1(kernel) requesting PGSIZE
[KALLOC:alloc_memory] pid=-1(kernel) allocated size=1000 at pa=0x0000000087efc000 order=0
[VM:mappages] va=0x0000003ffffb6000 size=0x1000 pa=0x0000000087efc000 perm=0x6
[KALLOC:kalloc] pid=-1(kernel) requesting PGSIZE
[KALLOC:alloc_memory] pid=-1(kernel) allocated size=1000 at pa=0x0000000087efb000 order=0
[VM:mappages] va=0x0000003ffffb4000 size=0x1000 pa=0x0000000087efb000 perm=0x6
[KALLOC:kalloc] pid=-1(kernel) requesting PGSIZE
[KALLOC:alloc_memory] pid=-1(kernel) allocated size=1000 at pa=0x0000000087efa000 order=0
[VM:mappages] va=0x0000003ffffb2000 size=0x1000 pa=0x0000000087efa000 perm=0x6
[KALLOC:kalloc] pid=-1(kernel) requesting PGSIZE
[KALLOC:alloc_memory] pid=-1(kernel) allocated size=1000 at pa=0x0000000087ef9000 order=0
[VM:mappages] va=0x0000003ffffb0000 size=0x1000 pa=0x0000000087ef9000 perm=0x6
[KALLOC:kalloc] pid=-1(kernel) requesting PGSIZE
[KALLOC:alloc_memory] pid=-1(kernel) allocated size=1000 at pa=0x0000000087ef8000 order=0
[VM:mappages] va=0x0000003ffffae000 size=0x1000 pa=0x0000000087ef8000 perm=0x6
[KALLOC:kalloc] pid=-1(kernel) requesting PGSIZE
[KALLOC:alloc_memory] pid=-1(kernel) allocated size=1000 at pa=0x0000000087ef7000 order=0
[VM:mappages] va=0x0000003ffffac000 size=0x1000 pa=0x0000000087ef7000 perm=0x6
[KALLOC:kalloc] pid=-1(kernel) requesting PGSIZE
[KALLOC:alloc_memory] pid=-1(kernel) allocated size=1000 at pa=0x0000000087ef6000 order=0
[VM:mappages] va=0x0000003ffffaa000 size=0x1000 pa=0x0000000087ef6000 perm=0x6
[KALLOC:kalloc] pid=-1(kernel) requesting PGSIZE
[KALLOC:alloc_memory] pid=-1(kernel) allocated size=1000 at pa=0x0000000087ef5000 order=0
[VM:mappages] va=0x0000003ffffa8000 size=0x1000 pa=0x0000000087ef5000 perm=0x6
[KALLOC:kalloc] pid=-1(kernel) requesting PGSIZE
[KALLOC:alloc_memory] pid=-1(kernel) allocated size=1000 at pa=0x0000000087ef4000 order=0
[VM:mappages] va=0x0000003ffffa6000 size=0x1000 pa=0x0000000087ef4000 perm=0x6
[KALLOC:kalloc] pid=-1(kernel) requesting PGSIZE
[KALLOC:alloc_memory] pid=-1(kernel) allocated size=1000 at pa=0x0000000087ef3000 order=0
[VM:mappages] va=0x0000003ffffa4000 size=0x1000 pa=0x0000000087ef3000 perm=0x6
[KALLOC:kalloc] pid=-1(kernel) requesting PGSIZE
[KALLOC:alloc_memory] pid=-1(kernel) allocated size=1000 at pa=0x0000000087ef2000 order=0
[VM:mappages] va=0x0000003ffffa2000 size=0x1000 pa=0x0000000087ef2000 perm=0x6
[KALLOC:kalloc] pid=-1(kernel) requesting PGSIZE
[KALLOC:alloc_memory] pid=-1(kernel) allocated size=1000 at pa=0x0000000087ef1000 order=0
[VM:mappages] va=0x0000003ffffa0000 size=0x1000 pa=0x0000000087ef1000 perm=0x6
[KALLOC:kalloc] pid=-1(kernel) requesting PGSIZE
[KALLOC:alloc_memory] pid=-1(kernel) allocated size=1000 at pa=0x0000000087ef0000 order=0
[VM:mappages] va=0x0000003ffff9e000 size=0x1000 pa=0x0000000087ef0000 perm=0x6
[KALLOC:kalloc] pid=-1(kernel) requesting PGSIZE
[KALLOC:alloc_memory] pid=-1(kernel) allocated size=1000 at pa=0x0000000087eef000 order=0
[VM:mappages] va=0x0000003ffff9c000 size=0x1000 pa=0x0000000087eef000 perm=0x6
[KALLOC:kalloc] pid=-1(kernel) requesting PGSIZE
[KALLOC:alloc_memory] pid=-1(kernel) allocated size=1000 at pa=0x0000000087eee000 order=0
[VM:mappages] va=0x0000003ffff9a000 size=0x1000 pa=0x0000000087eee000 perm=0x6
[KALLOC:kalloc] pid=-1(kernel) requesting PGSIZE
[KALLOC:alloc_memory] pid=-1(kernel) allocated size=1000 at pa=0x0000000087eed000 order=0
[VM:mappages] va=0x0000003ffff98000 size=0x1000 pa=0x0000000087eed000 perm=0x6
[KALLOC:kalloc] pid=-1(kernel) requesting PGSIZE
[KALLOC:alloc_memory] pid=-1(kernel) allocated size=1000 at pa=0x0000000087eec000 order=0
[VM:mappages] va=0x0000003ffff96000 size=0x1000 pa=0x0000000087eec000 perm=0x6
[KALLOC:kalloc] pid=-1(kernel) requesting PGSIZE
[KALLOC:alloc_memory] pid=-1(kernel) allocated size=1000 at pa=0x0000000087eeb000 order=0
[VM:mappages] va=0x0000003ffff94000 size=0x1000 pa=0x0000000087eeb000 perm=0x6
[KALLOC:kalloc] pid=-1(kernel) requesting PGSIZE
[KALLOC:alloc_memory] pid=-1(kernel) allocated size=1000 at pa=0x0000000087eea000 order=0
[VM:mappages] va=0x0000003ffff92000 size=0x1000 pa=0x0000000087eea000 perm=0x6
[KALLOC:kalloc] pid=-1(kernel) requesting PGSIZE
[KALLOC:alloc_memory] pid=-1(kernel) allocated size=1000 at pa=0x0000000087ee9000 order=0
[VM:mappages] va=0x0000003ffff90000 size=0x1000 pa=0x0000000087ee9000 perm=0x6
[KALLOC:kalloc] pid=-1(kernel) requesting PGSIZE
[KALLOC:alloc_memory] pid=-1(kernel) allocated size=1000 at pa=0x0000000087ee8000 order=0
[VM:mappages] va=0x0000003ffff8e000 size=0x1000 pa=0x0000000087ee8000 perm=0x6
[KALLOC:kalloc] pid=-1(kernel) requesting PGSIZE
[KALLOC:alloc_memory] pid=-1(kernel) allocated size=1000 at pa=0x0000000087ee7000 order=0
[VM:mappages] va=0x0000003ffff8c000 size=0x1000 pa=0x0000000087ee7000 perm=0x6
[KALLOC:kalloc] pid=-1(kernel) requesting PGSIZE
[KALLOC:alloc_memory] pid=-1(kernel) allocated size=1000 at pa=0x0000000087ee6000 order=0
[VM:mappages] va=0x0000003ffff8a000 size=0x1000 pa=0x0000000087ee6000 perm=0x6
[KALLOC:kalloc] pid=-1(kernel) requesting PGSIZE
[KALLOC:alloc_memory] pid=-1(kernel) allocated size=1000 at pa=0x0000000087ee5000 order=0
[VM:mappages] va=0x0000003ffff88000 size=0x1000 pa=0x0000000087ee5000 perm=0x6
[KALLOC:kalloc] pid=-1(kernel) requesting PGSIZE
[KALLOC:alloc_memory] pid=-1(kernel) allocated size=1000 at pa=0x0000000087ee4000 order=0
[VM:mappages] va=0x0000003ffff86000 size=0x1000 pa=0x0000000087ee4000 perm=0x6
[KALLOC:kalloc] pid=-1(kernel) requesting PGSIZE
[KALLOC:alloc_memory] pid=-1(kernel) allocated size=1000 at pa=0x0000000087ee3000 order=0
[VM:mappages] va=0x0000003ffff84000 size=0x1000 pa=0x0000000087ee3000 perm=0x6
[KALLOC:kalloc] pid=-1(kernel) requesting PGSIZE
[KALLOC:alloc_memory] pid=-1(kernel) allocated size=1000 at pa=0x0000000087ee2000 order=0
[VM:mappages] va=0x0000003ffff82000 size=0x1000 pa=0x0000000087ee2000 perm=0x6
[KALLOC:kalloc] pid=-1(kernel) requesting PGSIZE
[KALLOC:alloc_memory] pid=-1(kernel) allocated size=1000 at pa=0x0000000087ee1000 order=0
[VM:mappages] va=0x0000003ffff80000 size=0x1000 pa=0x0000000087ee1000 perm=0x6
[KALLOC:kalloc] pid=-1(kernel) requesting PGSIZE
[KALLOC:alloc_memory] pid=-1(kernel) allocated size=1000 at pa=0x0000000087ee0000 order=0
[VM:mappages] va=0x0000003ffff7e000 size=0x1000 pa=0x0000000087ee0000 perm=0x6
1
[KALLOC:kalloc] pid=-1(kernel) requesting PGSIZE
[KALLOC:alloc_memory] pid=-1(kernel) allocated size=1000 at pa=0x0000000087edf000 order=0
[KALLOC:kalloc] pid=-1(kernel) requesting PGSIZE
[KALLOC:alloc_memory] pid=-1(kernel) allocated size=1000 at pa=0x0000000087ede000 order=0
[KALLOC:kalloc] pid=-1(kernel) requesting PGSIZE
[KALLOC:alloc_memory] pid=-1(kernel) allocated size=1000 at pa=0x0000000087edd000 order=0
1
[KALLOC:kalloc] pid=-1(kernel) requesting PGSIZE
[KALLOC:alloc_memory] pid=-1(kernel) allocated size=1000 at pa=0x0000000087edc000 order=0
[KALLOC:kalloc] pid=-1(kernel) requesting PGSIZE
[KALLOC:alloc_memory] pid=-1(kernel) allocated size=1000 at pa=0x0000000087edb000 order=0
[VM:mappages] va=0x0000003ffffff000 size=0x1000 pa=0x000000008000e000 perm=0xa
[KALLOC:kalloc] pid=-1(kernel) requesting PGSIZE
[KALLOC:alloc_memory] pid=-1(kernel) allocated size=1000 at pa=0x0000000087eda000 order=0
[KALLOC:kalloc] pid=-1(kernel) requesting PGSIZE
[KALLOC:alloc_memory] pid=-1(kernel) allocated size=1000 at pa=0x0000000087ed9000 order=0
[VM:mappages] va=0x0000003fffffe000 size=0x1000 pa=0x0000000087edc000 perm=0x6
[VM:mappages] va=0x0000003fffffd000 size=0x1000 pa=0x0000000087f12000 perm=0x12
1
[EXEC:kexec] ENTRY pid=1 path='/init' argv=0x0000003fffffcfc8
[KALLOC:kalloc] pid=1() requesting PGSIZE
[KALLOC:alloc_memory] pid=1() allocated size=1000 at pa=0x0000000087ed8000 order=0
[VM:mappages] va=0x0000003ffffff000 size=0x1000 pa=0x000000008000e000 perm=0xa
[KALLOC:kalloc] pid=1() requesting PGSIZE
[KALLOC:alloc_memory] pid=1() allocated size=1000 at pa=0x0000000087ed7000 order=0
[KALLOC:kalloc] pid=1() requesting PGSIZE
[KALLOC:alloc_memory] pid=1() allocated size=1000 at pa=0x0000000087ed6000 order=0
[VM:mappages] va=0x0000003fffffe000 size=0x1000 pa=0x0000000087edc000 perm=0x6
[VM:mappages] va=0x0000003fffffd000 size=0x1000 pa=0x0000000087f12000 perm=0x12
[EXEC:kexec] new pagetable 0x0000000087ed8000 created for pid=1
[VM:uvmalloc] oldsz=0x0 newsz=0x1b0f xperm=0x8
[KALLOC:alloc_memory] pid=1() allocated size=2000 at pa=0x0000000087ed4000 order=1
[VM:uvmalloc] uvmalloc -> mappages cur_va=0x0 alloc_size=0x2000
[VM:mappages] va=0x0000000000000000 size=0x2000 pa=0x0000000087ed4000 perm=0x1a
[KALLOC:kalloc] pid=1() requesting PGSIZE
[KALLOC:alloc_memory] pid=1() allocated size=1000 at pa=0x0000000087ed3000 order=0
[KALLOC:kalloc] pid=1() requesting PGSIZE
[KALLOC:alloc_memory] pid=1() allocated size=1000 at pa=0x0000000087ed2000 order=0
[VM:uvmalloc] uvmalloc exiting success newsz=0x1b0f
[EXEC:kexec] LOAD seg: va=0x0000000000000000 memsz=0x1b0f filesz=0x1b0f
[VM:uvmalloc] oldsz=0x1b0f newsz=0x2048 xperm=0x4
[KALLOC:alloc_memory] pid=1() allocated size=1000 at pa=0x0000000087ed1000 order=0
[VM:uvmalloc] uvmalloc -> mappages cur_va=0x2000 alloc_size=0x1000
[VM:mappages] va=0x0000000000002000 size=0x1000 pa=0x0000000087ed1000 perm=0x16
[VM:uvmalloc] uvmalloc exiting success newsz=0x2048
[EXEC:kexec] LOAD seg: va=0x0000000000002000 memsz=0x48 filesz=0x21
[VM:uvmalloc] oldsz=0x3000 newsz=0x5000 xperm=0x4
[KALLOC:alloc_memory] pid=1() allocated size=1000 at pa=0x0000000087ed0000 order=0
[VM:uvmalloc] uvmalloc -> mappages cur_va=0x3000 alloc_size=0x1000
[VM:mappages] va=0x0000000000003000 size=0x1000 pa=0x0000000087ed0000 perm=0x16
[KALLOC:alloc_memory] pid=1() allocated size=1000 at pa=0x0000000087ecf000 order=0
[VM:uvmalloc] uvmalloc -> mappages cur_va=0x4000 alloc_size=0x1000
[VM:mappages] va=0x0000000000004000 size=0x1000 pa=0x0000000087ecf000 perm=0x16
[VM:uvmalloc] uvmalloc exiting success newsz=0x5000
[EXEC:kexec] STACK setup: base=0x0000000000004000 top=0x0000000000005000 total_sz=0x5 pages
[EXEC:kexec] COMMIT: switch pt, freeing old=0x0000000087edb000 oldsz=0x0
[VM:uvmunmap] va=0x0000003ffffff000 size=0x1000 do_free=0
[VM:uvmunmap_helper] va=0x0000003ffffff000 size=0x1000 do_free=0, cur_level is 2
[VM:uvmunmap_helper] va=0x0000003ffffff000 size=0x1000 do_free=0, cur_level is 1
[VM:uvmunmap_helper] va=0x0000003ffffff000 size=0x1000 do_free=0, cur_level is 0
[VM:uvmunmap] va=0x0000003fffffe000 size=0x1000 do_free=0
[VM:uvmunmap_helper] va=0x0000003fffffe000 size=0x1000 do_free=0, cur_level is 2
[VM:uvmunmap_helper] va=0x0000003fffffe000 size=0x1000 do_free=0, cur_level is 1
[VM:uvmunmap_helper] va=0x0000003fffffe000 size=0x1000 do_free=0, cur_level is 0
[VM:uvmunmap] va=0x0000003fffffd000 size=0x1000 do_free=0
[VM:uvmunmap_helper] va=0x0000003fffffd000 size=0x1000 do_free=0, cur_level is 2
[VM:uvmunmap_helper] va=0x0000003fffffd000 size=0x1000 do_free=0, cur_level is 1
[VM:uvmunmap_helper] va=0x0000003fffffd000 size=0x1000 do_free=0, cur_level is 0
[VM:freewalk] Freewalk Start: pt=0x0000000087edb000 base_va=0x0 max_sz=0x0
[EXEC:kexec] SUCCESS: pid=1 exec complete. entry=0xe2
init: starting sh
[FORK:kfork] ENTRY parent pid=1 name='init' sz=0x5000 mask=0x0
[KALLOC:kalloc] pid=1(init) requesting PGSIZE
[KALLOC:alloc_memory] pid=1(init) allocated size=1000 at pa=0x0000000087ed9000 order=0
[KALLOC:kalloc] pid=1(init) requesting PGSIZE
[KALLOC:alloc_memory] pid=1(init) allocated size=1000 at pa=0x0000000087ece000 order=0
[VM:mappages] va=0x0000003ffffff000 size=0x1000 pa=0x000000008000e000 perm=0xa
[KALLOC:kalloc] pid=1(init) requesting PGSIZE
[KALLOC:alloc_memory] pid=1(init) allocated size=1000 at pa=0x0000000087edb000 order=0
[KALLOC:kalloc] pid=1(init) requesting PGSIZE
[KALLOC:alloc_memory] pid=1(init) allocated size=1000 at pa=0x0000000087eda000 order=0
[VM:mappages] va=0x0000003fffffe000 size=0x1000 pa=0x0000000087ed9000 perm=0x6
[VM:mappages] va=0x0000003fffffd000 size=0x1000 pa=0x0000000087f12000 perm=0x12
[FORK:kfork] allocproc success: child pid=2 pt=0x0000000087ece000
[FORK:kfork] START uvmcopy: parent_pt=0x0000000087ed8000 -> child_pt=0x0000000087ece000 sz=0x5000
[VM:uvmcopy] old_pg=0x0000000087ed8000 new_pg=0x0000000087ece000 sz=0x5000
[KALLOC:alloc_memory] pid=1(init) allocated size=1000 at pa=0x0000000087ecd000 order=0
[VM:copywalk] [DIR ] L2 idx=0: va=0x0 -> new_tbl=0x0000000087ecd000 (recurse)
[KALLOC:alloc_memory] pid=1(init) allocated size=1000 at pa=0x0000000087ecc000 order=0
[VM:copywalk]   |-- [DIR ] L1 idx=0: va=0x0 -> new_tbl=0x0000000087ecc000 (recurse)
[KALLOC:alloc_memory] pid=1(init) allocated size=2000 at pa=0x0000000087eca000 order=1
[VM:copywalk]   |    |-- [COPY] L0 idx=0: va=0x0 src_pa=0x87ed4000 -> dst_pa=0x0000000087eca000 size=0x2000 (Order 1)
[KALLOC:alloc_memory] pid=1(init) allocated size=1000 at pa=0x0000000087ec9000 order=0
[VM:copywalk]   |    |-- [COPY] L0 idx=2: va=0x2000 src_pa=0x87ed1000 -> dst_pa=0x0000000087ec9000 size=0x1000 (Order 0)
[KALLOC:alloc_memory] pid=1(init) allocated size=1000 at pa=0x0000000087ec8000 order=0
[VM:copywalk]   |    |-- [COPY] L0 idx=3: va=0x3000 src_pa=0x87ed0000 -> dst_pa=0x0000000087ec8000 size=0x1000 (Order 0)
[KALLOC:alloc_memory] pid=1(init) allocated size=1000 at pa=0x0000000087ec7000 order=0
[VM:copywalk]   |    |-- [COPY] L0 idx=4: va=0x4000 src_pa=0x87ecf000 -> dst_pa=0x0000000087ec7000 size=0x1000 (Order 0)
[VM:uvmcopy] after uvmcopy start_va is 0x0, while ret_va is 0x40000000
[FORK:kfork] END uvmcopy: success. child sz=0x5000
[FORK:kfork] STATE UPDATE: child pid=2 is now RUNNABLE
[FORK:kfork] EXIT returns child pid=2
[KALLOC:kalloc] pid=2(init) requesting PGSIZE
[KALLOC:alloc_memory] pid=2(init) allocated size=1000 at pa=0x0000000087ec6000 order=0
[EXEC:kexec] ENTRY pid=2 path='sh' argv=0x0000003fffffad68
[KALLOC:kalloc] pid=2(init) requesting PGSIZE
[KALLOC:alloc_memory] pid=2(init) allocated size=1000 at pa=0x0000000087ec5000 order=0
[VM:mappages] va=0x0000003ffffff000 size=0x1000 pa=0x000000008000e000 perm=0xa
[KALLOC:kalloc] pid=2(init) requesting PGSIZE
[KALLOC:alloc_memory] pid=2(init) allocated size=1000 at pa=0x0000000087ec4000 order=0
[KALLOC:kalloc] pid=2(init) requesting PGSIZE
[KALLOC:alloc_memory] pid=2(init) allocated size=1000 at pa=0x0000000087ec3000 order=0
[VM:mappages] va=0x0000003fffffe000 size=0x1000 pa=0x0000000087ed9000 perm=0x6
[VM:mappages] va=0x0000003fffffd000 size=0x1000 pa=0x0000000087f12000 perm=0x12
[EXEC:kexec] new pagetable 0x0000000087ec5000 created for pid=2
[VM:uvmalloc] oldsz=0x0 newsz=0x4b07 xperm=0x8
[KALLOC:alloc_memory] pid=2(init) allocated size=4000 at pa=0x0000000087ebc000 order=2
[VM:uvmalloc] uvmalloc -> mappages cur_va=0x0 alloc_size=0x4000
[VM:mappages] va=0x0000000000000000 size=0x4000 pa=0x0000000087ebc000 perm=0x1a
[KALLOC:kalloc] pid=2(init) requesting PGSIZE
[KALLOC:alloc_memory] pid=2(init) allocated size=1000 at pa=0x0000000087ec2000 order=0
[KALLOC:kalloc] pid=2(init) requesting PGSIZE
[KALLOC:alloc_memory] pid=2(init) allocated size=1000 at pa=0x0000000087ec1000 order=0
[KALLOC:alloc_memory] pid=2(init) allocated size=1000 at pa=0x0000000087ec0000 order=0
[VM:uvmalloc] uvmalloc -> mappages cur_va=0x4000 alloc_size=0x1000
[VM:mappages] va=0x0000000000004000 size=0x1000 pa=0x0000000087ec0000 perm=0x1a
[VM:uvmalloc] uvmalloc exiting success newsz=0x4b07
[EXEC:kexec] LOAD seg: va=0x0000000000000000 memsz=0x4b07 filesz=0x4b07
[VM:uvmalloc] oldsz=0x4b07 newsz=0x6dc8 xperm=0x4
[KALLOC:alloc_memory] pid=2(init) allocated size=1000 at pa=0x0000000087ebb000 order=0
[VM:uvmalloc] uvmalloc -> mappages cur_va=0x5000 alloc_size=0x1000
[VM:mappages] va=0x0000000000005000 size=0x1000 pa=0x0000000087ebb000 perm=0x16
[KALLOC:alloc_memory] pid=2(init) allocated size=1000 at pa=0x0000000087eba000 order=0
[VM:uvmalloc] uvmalloc -> mappages cur_va=0x6000 alloc_size=0x1000
[VM:mappages] va=0x0000000000006000 size=0x1000 pa=0x0000000087eba000 perm=0x16
[VM:uvmalloc] uvmalloc exiting success newsz=0x6dc8
[EXEC:kexec] LOAD seg: va=0x0000000000005000 memsz=0x1dc8 filesz=0x31
[VM:uvmalloc] oldsz=0x7000 newsz=0x9000 xperm=0x4
[KALLOC:alloc_memory] pid=2(init) allocated size=1000 at pa=0x0000000087eb9000 order=0
[VM:uvmalloc] uvmalloc -> mappages cur_va=0x7000 alloc_size=0x1000
[VM:mappages] va=0x0000000000007000 size=0x1000 pa=0x0000000087eb9000 perm=0x16
[KALLOC:alloc_memory] pid=2(init) allocated size=1000 at pa=0x0000000087eb8000 order=0
[VM:uvmalloc] uvmalloc -> mappages cur_va=0x8000 alloc_size=0x1000
[VM:mappages] va=0x0000000000008000 size=0x1000 pa=0x0000000087eb8000 perm=0x16
[VM:uvmalloc] uvmalloc exiting success newsz=0x9000
[EXEC:kexec] STACK setup: base=0x0000000000008000 top=0x0000000000009000 total_sz=0x9 pages
[EXEC:kexec] COMMIT: switch pt, freeing old=0x0000000087ece000 oldsz=0x5
[VM:uvmunmap] va=0x0000003ffffff000 size=0x1000 do_free=0
[VM:uvmunmap_helper] va=0x0000003ffffff000 size=0x1000 do_free=0, cur_level is 2
[VM:uvmunmap_helper] va=0x0000003ffffff000 size=0x1000 do_free=0, cur_level is 1
[VM:uvmunmap_helper] va=0x0000003ffffff000 size=0x1000 do_free=0, cur_level is 0
[VM:uvmunmap] va=0x0000003fffffe000 size=0x1000 do_free=0
[VM:uvmunmap_helper] va=0x0000003fffffe000 size=0x1000 do_free=0, cur_level is 2
[VM:uvmunmap_helper] va=0x0000003fffffe000 size=0x1000 do_free=0, cur_level is 1
[VM:uvmunmap_helper] va=0x0000003fffffe000 size=0x1000 do_free=0, cur_level is 0
[VM:uvmunmap] va=0x0000003fffffd000 size=0x1000 do_free=0
[VM:uvmunmap_helper] va=0x0000003fffffd000 size=0x1000 do_free=0, cur_level is 2
[VM:uvmunmap_helper] va=0x0000003fffffd000 size=0x1000 do_free=0, cur_level is 1
[VM:uvmunmap_helper] va=0x0000003fffffd000 size=0x1000 do_free=0, cur_level is 0
[VM:freewalk] Freewalk Start: pt=0x0000000087ece000 base_va=0x0 max_sz=0x5000
[VM:freewalk] Dir: idx=0 va=0x0 -> next_pa=0x0000000087ecd000
[VM:freewalk]   |-- Dir: idx=0 va=0x0 -> next_pa=0x0000000087ecc000
[VM:freewalk]   |    |-- Leaf: idx=0 va=0x0 pa=0x0000000087eca000 order=1 size=0x2000 (step=2)
[VM:freewalk]   |    |-- Leaf: idx=2 va=0x2000 pa=0x0000000087ec9000 order=0 size=0x1000 (step=1)
[VM:freewalk]   |    |-- Leaf: idx=3 va=0x3000 pa=0x0000000087ec8000 order=0 size=0x1000 (step=1)
[VM:freewalk]   |    |-- Leaf: idx=4 va=0x4000 pa=0x0000000087ec7000 order=0 size=0x1000 (step=1)
[EXEC:kexec] SUCCESS: pid=2 exec complete. entry=0x2df8
[KALLOC:kfree] pid=2(sh) freeing pa=0x0000000087ec6000
$ pgtbltest
[FORK:kfork] ENTRY parent pid=2 name='sh' sz=0x9000 mask=0x0
[KALLOC:kalloc] pid=2(sh) requesting PGSIZE
[KALLOC:alloc_memory] pid=2(sh) allocated size=1000 at pa=0x0000000087ece000 order=0
[KALLOC:kalloc] pid=2(sh) requesting PGSIZE
[KALLOC:alloc_memory] pid=2(sh) allocated size=1000 at pa=0x0000000087ec7000 order=0
[VM:mappages] va=0x0000003ffffff000 size=0x1000 pa=0x000000008000e000 perm=0xa
[KALLOC:kalloc] pid=2(sh) requesting PGSIZE
[KALLOC:alloc_memory] pid=2(sh) allocated size=1000 at pa=0x0000000087ec6000 order=0
[KALLOC:kalloc] pid=2(sh) requesting PGSIZE
[KALLOC:alloc_memory] pid=2(sh) allocated size=1000 at pa=0x0000000087ecd000 order=0
[VM:mappages] va=0x0000003fffffe000 size=0x1000 pa=0x0000000087ece000 perm=0x6
[VM:mappages] va=0x0000003fffffd000 size=0x1000 pa=0x0000000087f12000 perm=0x12
[FORK:kfork] allocproc success: child pid=3 pt=0x0000000087ec7000
[FORK:kfork] START uvmcopy: parent_pt=0x0000000087ec5000 -> child_pt=0x0000000087ec7000 sz=0x9000
[VM:uvmcopy] old_pg=0x0000000087ec5000 new_pg=0x0000000087ec7000 sz=0x9000
[KALLOC:alloc_memory] pid=2(sh) allocated size=1000 at pa=0x0000000087ecc000 order=0
[VM:copywalk] [DIR ] L2 idx=0: va=0x0 -> new_tbl=0x0000000087ecc000 (recurse)
[KALLOC:alloc_memory] pid=2(sh) allocated size=1000 at pa=0x0000000087edb000 order=0
[VM:copywalk]   |-- [DIR ] L1 idx=0: va=0x0 -> new_tbl=0x0000000087edb000 (recurse)
[KALLOC:alloc_memory] pid=2(sh) allocated size=4000 at pa=0x0000000087ec8000 order=2
[VM:copywalk]   |    |-- [COPY] L0 idx=0: va=0x0 src_pa=0x87ebc000 -> dst_pa=0x0000000087ec8000 size=0x4000 (Order 2)
[KALLOC:alloc_memory] pid=2(sh) allocated size=1000 at pa=0x0000000087eda000 order=0
[VM:copywalk]   |    |-- [COPY] L0 idx=4: va=0x4000 src_pa=0x87ec0000 -> dst_pa=0x0000000087eda000 size=0x1000 (Order 0)
[KALLOC:alloc_memory] pid=2(sh) allocated size=1000 at pa=0x0000000087eb7000 order=0
[VM:copywalk]   |    |-- [COPY] L0 idx=5: va=0x5000 src_pa=0x87ebb000 -> dst_pa=0x0000000087eb7000 size=0x1000 (Order 0)
[KALLOC:alloc_memory] pid=2(sh) allocated size=1000 at pa=0x0000000087eb6000 order=0
[VM:copywalk]   |    |-- [COPY] L0 idx=6: va=0x6000 src_pa=0x87eba000 -> dst_pa=0x0000000087eb6000 size=0x1000 (Order 0)
[KALLOC:alloc_memory] pid=2(sh) allocated size=1000 at pa=0x0000000087eb5000 order=0
[VM:copywalk]   |    |-- [COPY] L0 idx=7: va=0x7000 src_pa=0x87eb9000 -> dst_pa=0x0000000087eb5000 size=0x1000 (Order 0)
[KALLOC:alloc_memory] pid=2(sh) allocated size=1000 at pa=0x0000000087eb4000 order=0
[VM:copywalk]   |    |-- [COPY] L0 idx=8: va=0x8000 src_pa=0x87eb8000 -> dst_pa=0x0000000087eb4000 size=0x1000 (Order 0)
[VM:uvmcopy] after uvmcopy start_va is 0x0, while ret_va is 0x40000000
[FORK:kfork] END uvmcopy: success. child sz=0x9000
[FORK:kfork] STATE UPDATE: child pid=3 is now RUNNABLE
[FORK:kfork] EXIT returns child pid=3
[VM:uvmalloc] oldsz=0x9000 newsz=0x19000 xperm=0x4
[KALLOC:alloc_memory] pid=3(sh) allocated size=1000 at pa=0x0000000087eb3000 order=0
[VM:uvmalloc] uvmalloc -> mappages cur_va=0x9000 alloc_size=0x1000
[VM:mappages] va=0x0000000000009000 size=0x1000 pa=0x0000000087eb3000 perm=0x16
[KALLOC:alloc_memory] pid=3(sh) allocated size=2000 at pa=0x0000000087eb0000 order=1
[VM:uvmalloc] uvmalloc -> mappages cur_va=0xa000 alloc_size=0x2000
[VM:mappages] va=0x000000000000a000 size=0x2000 pa=0x0000000087eb0000 perm=0x16
[KALLOC:alloc_memory] pid=3(sh) allocated size=4000 at pa=0x0000000087eac000 order=2
[VM:uvmalloc] uvmalloc -> mappages cur_va=0xc000 alloc_size=0x4000
[VM:mappages] va=0x000000000000c000 size=0x4000 pa=0x0000000087eac000 perm=0x16
[KALLOC:alloc_memory] pid=3(sh) allocated size=8000 at pa=0x0000000087ea0000 order=3
[VM:uvmalloc] uvmalloc -> mappages cur_va=0x10000 alloc_size=0x8000
[VM:mappages] va=0x0000000000010000 size=0x8000 pa=0x0000000087ea0000 perm=0x16
[KALLOC:alloc_memory] pid=3(sh) allocated size=1000 at pa=0x0000000087eb2000 order=0
[VM:uvmalloc] uvmalloc -> mappages cur_va=0x18000 alloc_size=0x1000
[VM:mappages] va=0x0000000000018000 size=0x1000 pa=0x0000000087eb2000 perm=0x16
[VM:uvmalloc] uvmalloc exiting success newsz=0x19000
[KALLOC:kalloc] pid=3(sh) requesting PGSIZE
[KALLOC:alloc_memory] pid=3(sh) allocated size=1000 at pa=0x0000000087eab000 order=0
[EXEC:kexec] ENTRY pid=3 path='pgtbltest' argv=0x0000003fffff8d68
[KALLOC:kalloc] pid=3(sh) requesting PGSIZE
[KALLOC:alloc_memory] pid=3(sh) allocated size=1000 at pa=0x0000000087eaa000 order=0
[VM:mappages] va=0x0000003ffffff000 size=0x1000 pa=0x000000008000e000 perm=0xa
[KALLOC:kalloc] pid=3(sh) requesting PGSIZE
[KALLOC:alloc_memory] pid=3(sh) allocated size=1000 at pa=0x0000000087ea9000 order=0
[KALLOC:kalloc] pid=3(sh) requesting PGSIZE
[KALLOC:alloc_memory] pid=3(sh) allocated size=1000 at pa=0x0000000087ea8000 order=0
[VM:mappages] va=0x0000003fffffe000 size=0x1000 pa=0x0000000087ece000 perm=0x6
[VM:mappages] va=0x0000003fffffd000 size=0x1000 pa=0x0000000087f12000 perm=0x12
[EXEC:kexec] new pagetable 0x0000000087eaa000 created for pid=3
[VM:uvmalloc] oldsz=0x0 newsz=0x2c67 xperm=0x8
[KALLOC:alloc_memory] pid=3(sh) allocated size=2000 at pa=0x0000000087e9e000 order=1
[VM:uvmalloc] uvmalloc -> mappages cur_va=0x0 alloc_size=0x2000
[VM:mappages] va=0x0000000000000000 size=0x2000 pa=0x0000000087e9e000 perm=0x1a
[KALLOC:kalloc] pid=3(sh) requesting PGSIZE
[KALLOC:alloc_memory] pid=3(sh) allocated size=1000 at pa=0x0000000087e9d000 order=0
[KALLOC:kalloc] pid=3(sh) requesting PGSIZE
[KALLOC:alloc_memory] pid=3(sh) allocated size=1000 at pa=0x0000000087e9c000 order=0
[KALLOC:alloc_memory] pid=3(sh) allocated size=1000 at pa=0x0000000087e9b000 order=0
[VM:uvmalloc] uvmalloc -> mappages cur_va=0x2000 alloc_size=0x1000
[VM:mappages] va=0x0000000000002000 size=0x1000 pa=0x0000000087e9b000 perm=0x1a
[VM:uvmalloc] uvmalloc exiting success newsz=0x2c67
[EXEC:kexec] LOAD seg: va=0x0000000000000000 memsz=0x2c67 filesz=0x2c67
[VM:uvmalloc] oldsz=0x2c67 newsz=0x3048 xperm=0x4
[KALLOC:alloc_memory] pid=3(sh) allocated size=1000 at pa=0x0000000087e9a000 order=0
[VM:uvmalloc] uvmalloc -> mappages cur_va=0x3000 alloc_size=0x1000
[VM:mappages] va=0x0000000000003000 size=0x1000 pa=0x0000000087e9a000 perm=0x16
[VM:uvmalloc] uvmalloc exiting success newsz=0x3048
[EXEC:kexec] LOAD seg: va=0x0000000000003000 memsz=0x48 filesz=0x21
[VM:uvmalloc] oldsz=0x4000 newsz=0x6000 xperm=0x4
[KALLOC:alloc_memory] pid=3(sh) allocated size=2000 at pa=0x0000000087e98000 order=1
[VM:uvmalloc] uvmalloc -> mappages cur_va=0x4000 alloc_size=0x2000
[VM:mappages] va=0x0000000000004000 size=0x2000 pa=0x0000000087e98000 perm=0x16
[VM:uvmalloc] uvmalloc exiting success newsz=0x6000
[EXEC:kexec] STACK setup: base=0x0000000000005000 top=0x0000000000006000 total_sz=0x6 pages
[EXEC:kexec] COMMIT: switch pt, freeing old=0x0000000087ec7000 oldsz=0x19
[VM:uvmunmap] va=0x0000003ffffff000 size=0x1000 do_free=0
[VM:uvmunmap_helper] va=0x0000003ffffff000 size=0x1000 do_free=0, cur_level is 2
[VM:uvmunmap_helper] va=0x0000003ffffff000 size=0x1000 do_free=0, cur_level is 1
[VM:uvmunmap_helper] va=0x0000003ffffff000 size=0x1000 do_free=0, cur_level is 0
[VM:uvmunmap] va=0x0000003fffffe000 size=0x1000 do_free=0
[VM:uvmunmap_helper] va=0x0000003fffffe000 size=0x1000 do_free=0, cur_level is 2
[VM:uvmunmap_helper] va=0x0000003fffffe000 size=0x1000 do_free=0, cur_level is 1
[VM:uvmunmap_helper] va=0x0000003fffffe000 size=0x1000 do_free=0, cur_level is 0
[VM:uvmunmap] va=0x0000003fffffd000 size=0x1000 do_free=0
[VM:uvmunmap_helper] va=0x0000003fffffd000 size=0x1000 do_free=0, cur_level is 2
[VM:uvmunmap_helper] va=0x0000003fffffd000 size=0x1000 do_free=0, cur_level is 1
[VM:uvmunmap_helper] va=0x0000003fffffd000 size=0x1000 do_free=0, cur_level is 0
[VM:freewalk] Freewalk Start: pt=0x0000000087ec7000 base_va=0x0 max_sz=0x19000
[VM:freewalk] Dir: idx=0 va=0x0 -> next_pa=0x0000000087ecc000
[VM:freewalk]   |-- Dir: idx=0 va=0x0 -> next_pa=0x0000000087edb000
[VM:freewalk]   |    |-- Leaf: idx=0 va=0x0 pa=0x0000000087ec8000 order=2 size=0x4000 (step=4)
[VM:freewalk]   |    |-- Leaf: idx=4 va=0x4000 pa=0x0000000087eda000 order=0 size=0x1000 (step=1)
[VM:freewalk]   |    |-- Leaf: idx=5 va=0x5000 pa=0x0000000087eb7000 order=0 size=0x1000 (step=1)
[VM:freewalk]   |    |-- Leaf: idx=6 va=0x6000 pa=0x0000000087eb6000 order=0 size=0x1000 (step=1)
[VM:freewalk]   |    |-- Leaf: idx=7 va=0x7000 pa=0x0000000087eb5000 order=0 size=0x1000 (step=1)
[VM:freewalk]   |    |-- Leaf: idx=8 va=0x8000 pa=0x0000000087eb4000 order=0 size=0x1000 (step=1)
[VM:freewalk]   |    |-- Leaf: idx=9 va=0x9000 pa=0x0000000087eb3000 order=0 size=0x1000 (step=1)
[VM:freewalk]   |    |-- Leaf: idx=10 va=0xa000 pa=0x0000000087eb0000 order=1 size=0x2000 (step=2)
[VM:freewalk]   |    |-- Leaf: idx=12 va=0xc000 pa=0x0000000087eac000 order=2 size=0x4000 (step=4)
[VM:freewalk]   |    |-- Leaf: idx=16 va=0x10000 pa=0x0000000087ea0000 order=3 size=0x8000 (step=8)
[VM:freewalk]   |    |-- Leaf: idx=24 va=0x18000 pa=0x0000000087eb2000 order=0 size=0x1000 (step=1)
[EXEC:kexec] SUCCESS: pid=3 exec complete. entry=0xbc6
[KALLOC:kfree] pid=3(pgtbltest) freeing pa=0x0000000087eab000
buddy alignment test starting:
[VM:uvmalloc] oldsz=0x6000 newsz=0x10000 xperm=0x4
[KALLOC:alloc_memory] pid=3(pgtbltest) allocated size=2000 at pa=0x0000000087ec6000 order=1
[VM:uvmalloc] uvmalloc -> mappages cur_va=0x6000 alloc_size=0x2000
[VM:mappages] va=0x0000000000006000 size=0x2000 pa=0x0000000087ec6000 perm=0x16
[KALLOC:alloc_memory] pid=3(pgtbltest) allocated size=8000 at pa=0x0000000087eb0000 order=3
[VM:uvmalloc] uvmalloc -> mappages cur_va=0x8000 alloc_size=0x8000
[VM:mappages] va=0x0000000000008000 size=0x8000 pa=0x0000000087eb0000 perm=0x16
[VM:uvmalloc] uvmalloc exiting success newsz=0x10000
[VM:uvmalloc] oldsz=0x10000 newsz=0x20000 xperm=0x4
[KALLOC:alloc_memory] pid=3(pgtbltest) allocated size=10000 at pa=0x0000000087e80000 order=4
[VM:uvmalloc] uvmalloc -> mappages cur_va=0x10000 alloc_size=0x10000
[VM:mappages] va=0x0000000000010000 size=0x10000 pa=0x0000000087e80000 perm=0x16
[VM:uvmalloc] uvmalloc exiting success newsz=0x20000
[VM:uvmalloc] oldsz=0x20000 newsz=0x200000 xperm=0x4
[KALLOC:alloc_memory] pid=3(pgtbltest) allocated size=20000 at pa=0x0000000087e60000 order=5
[VM:uvmalloc] uvmalloc -> mappages cur_va=0x20000 alloc_size=0x20000
[VM:mappages] va=0x0000000000020000 size=0x20000 pa=0x0000000087e60000 perm=0x16
[KALLOC:alloc_memory] pid=3(pgtbltest) allocated size=40000 at pa=0x0000000087e00000 order=6
[VM:uvmalloc] uvmalloc -> mappages cur_va=0x40000 alloc_size=0x40000
[VM:mappages] va=0x0000000000040000 size=0x40000 pa=0x0000000087e00000 perm=0x16
[KALLOC:alloc_memory] pid=3(pgtbltest) allocated size=80000 at pa=0x0000000080180000 order=7
[VM:uvmalloc] uvmalloc -> mappages cur_va=0x80000 alloc_size=0x80000
[VM:mappages] va=0x0000000000080000 size=0x80000 pa=0x0000000080180000 perm=0x16
[KALLOC:alloc_memory] pid=3(pgtbltest) allocated size=100000 at pa=0x0000000087d00000 order=8
[VM:uvmalloc] uvmalloc -> mappages cur_va=0x100000 alloc_size=0x100000
[VM:mappages] va=0x0000000000100000 size=0x100000 pa=0x0000000087d00000 perm=0x16
[VM:uvmalloc] uvmalloc exiting success newsz=0x200000
[VM:uvmalloc] oldsz=0x200000 newsz=0x400000 xperm=0x4
[KALLOC:alloc_memory] pid=3(pgtbltest) allocated size=200000 at pa=0x0000000080200000 order=9
[VM:uvmalloc] uvmalloc -> mappages cur_va=0x200000 alloc_size=0x200000
[VM:mappages] va=0x0000000000200000 size=0x200000 pa=0x0000000080200000 perm=0x16
[VM:uvmalloc] uvmalloc exiting success newsz=0x400000
buddy_alignment_test: OK
buddy_coalesce_test starting
[VM:uvmalloc] oldsz=0x400000 newsz=0x800000 xperm=0x4
[KALLOC:alloc_memory] pid=3(pgtbltest) allocated size=400000 at pa=0x0000000087800000 order=10
[VM:uvmalloc] uvmalloc -> mappages cur_va=0x400000 alloc_size=0x400000
[VM:mappages] va=0x0000000000400000 size=0x400000 pa=0x0000000087800000 perm=0x16
[VM:uvmalloc] uvmalloc exiting success newsz=0x800000
  [Info] Alloc 4MB at PA: 0x87800000
[VM:uvmdealloc] oldsz=0x800000 newsz=0x700000
[VM:uvmdealloc] uvmdealloc -> uvmunmap va=0x700000 size=0x100000, remain size is 0x100000
[VM:uvmunmap] va=0x0000000000700000 size=0x100000 do_free=1
[VM:uvmunmap_helper] va=0x0000000000700000 size=0x100000 do_free=1, cur_level is 2
[VM:uvmunmap_helper] va=0x0000000000700000 size=0x100000 do_free=1, cur_level is 1
[VM:split_and_prune] alloc new pagetable to replace leaf-pte
[KALLOC:alloc_memory] pid=3(pgtbltest) allocated size=1000 at pa=0x0000000087eab000 order=0
[VM:uvmdealloc] uvmdealloc exiting newsz=0x700000
[VM:uvmdealloc] oldsz=0x700000 newsz=0x600000
[VM:uvmdealloc] uvmdealloc -> uvmunmap va=0x600000 size=0x100000, remain size is 0x100000
[VM:uvmunmap] va=0x0000000000600000 size=0x100000 do_free=1
[VM:uvmunmap_helper] va=0x0000000000600000 size=0x100000 do_free=1, cur_level is 2
[VM:uvmunmap_helper] va=0x0000000000600000 size=0x100000 do_free=1, cur_level is 1
[VM:uvmunmap_helper] va=0x0000000000600000 size=0x100000 do_free=1, cur_level is 0
[VM:uvmdealloc] uvmdealloc exiting newsz=0x600000
[VM:uvmdealloc] oldsz=0x600000 newsz=0x400000
[VM:uvmdealloc] uvmdealloc -> uvmunmap va=0x400000 size=0x200000, remain size is 0x200000
[VM:uvmunmap] va=0x0000000000400000 size=0x200000 do_free=1
[VM:uvmunmap_helper] va=0x0000000000400000 size=0x200000 do_free=1, cur_level is 2
[VM:uvmunmap_helper] va=0x0000000000400000 size=0x200000 do_free=1, cur_level is 1
[VM:uvmdealloc] uvmdealloc exiting newsz=0x400000
print_kpgtbl starting
page table 0x0000000087eaa000
..(next-level)0x0000000000000000: pte 0x0000000021fa7401 pa 0x0000000087e9d000
....(next-level)0x0000000000000000: pte 0x0000000021fa7001 pa 0x0000000087e9c000
......(data)0x0000000000000000: pte 0x0000000021fa785b pa 0x0000000087e9e000, size is 0x2000
......(data)0x0000000000002000: pte 0x0000000021fa6c5b pa 0x0000000087e9b000, size is 0x1000
......(data)0x0000000000003000: pte 0x0000000021fa68d7 pa 0x0000000087e9a000, size is 0x1000
......(data)0x0000000000004000: pte 0x0000000021fa6007 pa 0x0000000087e98000, size is 0x2000
......(data)0x0000000000006000: pte 0x0000000021fb1817 pa 0x0000000087ec6000, size is 0x2000
......(data)0x0000000000008000: pte 0x0000000021fac017 pa 0x0000000087eb0000, size is 0x8000
......(data)0x0000000000010000: pte 0x0000000021fa0017 pa 0x0000000087e80000, size is 0x10000
......(data)0x0000000000020000: pte 0x0000000021f98017 pa 0x0000000087e60000, size is 0x20000
......(data)0x0000000000040000: pte 0x0000000021f80017 pa 0x0000000087e00000, size is 0x40000
......(data)0x0000000000080000: pte 0x0000000020060017 pa 0x0000000080180000, size is 0x80000
......(data)0x0000000000100000: pte 0x0000000021f40017 pa 0x0000000087d00000, size is 0x100000
....(data)0x0000000000200000: pte 0x0000000020080017 pa 0x0000000080200000, size is 0x200000
..(next-level)0x0000003fc0000000: pte 0x0000000021faa401 pa 0x0000000087ea9000
....(next-level)0x0000003fffe00000: pte 0x0000000021faa001 pa 0x0000000087ea8000
......(data)0x0000003fffffd000: pte 0x0000000021fc4813 pa 0x0000000087f12000, size is 0x1000
......(data)0x0000003fffffe000: pte 0x0000000021fb38c7 pa 0x0000000087ece000, size is 0x1000
......(data)0x0000003ffffff000: pte 0x000000002000384b pa 0x000000008000e000, size is 0x1000
Address Range           Size      State    Order
------------------------------------------------
0x0 - 0x8002c000  0x8002c pages  [Program]   -1
0x8002c000 - 0x800ec000  0xc0 pages  [Membitmaps]   -1
0x800ec000 - 0x800ed000  0x1 pages  [USED]   0x0
0x800ed000 - 0x800ee000  0x1 pages  [USED]   0x0
0x800ee000 - 0x800ef000  0x1 pages  [USED]   0x0
0x800ef000 - 0x800f0000  0x1 pages  [USED]   0x0
0x800f0000 - 0x800f1000  0x1 pages  [USED]   0x0
0x800f1000 - 0x800f2000  0x1 pages  [USED]   0x0
0x800f2000 - 0x800f3000  0x1 pages  [USED]   0x0
0x800f3000 - 0x800f4000  0x1 pages  [USED]   0x0
0x800f4000 - 0x800f5000  0x1 pages  [USED]   0x0
0x800f5000 - 0x800f6000  0x1 pages  [USED]   0x0
0x800f6000 - 0x800f7000  0x1 pages  [USED]   0x0
0x800f7000 - 0x800f8000  0x1 pages  [USED]   0x0
0x800f8000 - 0x800f9000  0x1 pages  [USED]   0x0
0x800f9000 - 0x800fa000  0x1 pages  [USED]   0x0
0x800fa000 - 0x800fb000  0x1 pages  [USED]   0x0
0x800fb000 - 0x800fc000  0x1 pages  [USED]   0x0
0x800fc000 - 0x800fd000  0x1 pages  [USED]   0x0
0x800fd000 - 0x800fe000  0x1 pages  [USED]   0x0
0x800fe000 - 0x800ff000  0x1 pages  [USED]   0x0
0x800ff000 - 0x80100000  0x1 pages  [USED]   0x0
0x80100000 - 0x80180000  0x80 pages  [FREE]   0x7
0x80180000 - 0x80200000  0x80 pages  [USED]   0x7
0x80200000 - 0x80400000  0x200 pages  [USED]   0x9
0x80400000 - 0x80800000  0x400 pages  [FREE]   0xa
0x80800000 - 0x81000000  0x800 pages  [FREE]   0xb
0x81000000 - 0x82000000  0x1000 pages  [FREE]   0xc
0x82000000 - 0x83000000  0x1000 pages  [FREE]   0xc
0x83000000 - 0x84000000  0x1000 pages  [FREE]   0xc
0x84000000 - 0x85000000  0x1000 pages  [FREE]   0xc
0x85000000 - 0x86000000  0x1000 pages  [FREE]   0xc
0x86000000 - 0x87000000  0x1000 pages  [FREE]   0xc
0x87000000 - 0x87800000  0x800 pages  [FREE]   0xb
0x87800000 - 0x87c00000  0x400 pages  [FREE]   0xa
0x87c00000 - 0x87d00000  0x100 pages  [FREE]   0x8
0x87d00000 - 0x87e00000  0x100 pages  [USED]   0x8
0x87e00000 - 0x87e40000  0x40 pages  [USED]   0x6
0x87e40000 - 0x87e60000  0x20 pages  [FREE]   0x5
0x87e60000 - 0x87e80000  0x20 pages  [USED]   0x5
0x87e80000 - 0x87e90000  0x10 pages  [USED]   0x4
0x87e90000 - 0x87e98000  0x8 pages  [FREE]   0x3
0x87e98000 - 0x87e9a000  0x2 pages  [USED]   0x1
0x87e9a000 - 0x87e9b000  0x1 pages  [USED]   0x0
0x87e9b000 - 0x87e9c000  0x1 pages  [USED]   0x0
0x87e9c000 - 0x87e9d000  0x1 pages  [USED]   0x0
0x87e9d000 - 0x87e9e000  0x1 pages  [USED]   0x0
0x87e9e000 - 0x87ea0000  0x2 pages  [USED]   0x1
0x87ea0000 - 0x87ea8000  0x8 pages  [FREE]   0x3
0x87ea8000 - 0x87ea9000  0x1 pages  [USED]   0x0
0x87ea9000 - 0x87eaa000  0x1 pages  [USED]   0x0
0x87eaa000 - 0x87eab000  0x1 pages  [USED]   0x0
0x87eab000 - 0x87eac000  0x1 pages  [FREE]   0x0
0x87eac000 - 0x87eb0000  0x4 pages  [FREE]   0x2
0x87eb0000 - 0x87eb8000  0x8 pages  [USED]   0x3
0x87eb8000 - 0x87eb9000  0x1 pages  [USED]   0x0
0x87eb9000 - 0x87eba000  0x1 pages  [USED]   0x0
0x87eba000 - 0x87ebb000  0x1 pages  [USED]   0x0
0x87ebb000 - 0x87ebc000  0x1 pages  [USED]   0x0
0x87ebc000 - 0x87ec0000  0x4 pages  [USED]   0x2
0x87ec0000 - 0x87ec1000  0x1 pages  [USED]   0x0
0x87ec1000 - 0x87ec2000  0x1 pages  [USED]   0x0
0x87ec2000 - 0x87ec3000  0x1 pages  [USED]   0x0
0x87ec3000 - 0x87ec4000  0x1 pages  [USED]   0x0
0x87ec4000 - 0x87ec5000  0x1 pages  [USED]   0x0
0x87ec5000 - 0x87ec6000  0x1 pages  [USED]   0x0
0x87ec6000 - 0x87ec8000  0x2 pages  [USED]   0x1
0x87ec8000 - 0x87ecc000  0x4 pages  [FREE]   0x2
0x87ecc000 - 0x87ece000  0x2 pages  [FREE]   0x1
0x87ece000 - 0x87ecf000  0x1 pages  [USED]   0x0
0x87ecf000 - 0x87ed0000  0x1 pages  [USED]   0x0
0x87ed0000 - 0x87ed1000  0x1 pages  [USED]   0x0
0x87ed1000 - 0x87ed2000  0x1 pages  [USED]   0x0
0x87ed2000 - 0x87ed3000  0x1 pages  [USED]   0x0
0x87ed3000 - 0x87ed4000  0x1 pages  [USED]   0x0
0x87ed4000 - 0x87ed6000  0x2 pages  [USED]   0x1
0x87ed6000 - 0x87ed7000  0x1 pages  [USED]   0x0
0x87ed7000 - 0x87ed8000  0x1 pages  [USED]   0x0
0x87ed8000 - 0x87ed9000  0x1 pages  [USED]   0x0
0x87ed9000 - 0x87eda000  0x1 pages  [USED]   0x0
0x87eda000 - 0x87edc000  0x2 pages  [FREE]   0x1
0x87edc000 - 0x87edd000  0x1 pages  [USED]   0x0
0x87edd000 - 0x87ede000  0x1 pages  [USED]   0x0
0x87ede000 - 0x87edf000  0x1 pages  [USED]   0x0
0x87edf000 - 0x87ee0000  0x1 pages  [USED]   0x0
0x87ee0000 - 0x87ee1000  0x1 pages  [USED]   0x0
0x87ee1000 - 0x87ee2000  0x1 pages  [USED]   0x0
0x87ee2000 - 0x87ee3000  0x1 pages  [USED]   0x0
0x87ee3000 - 0x87ee4000  0x1 pages  [USED]   0x0
0x87ee4000 - 0x87ee5000  0x1 pages  [USED]   0x0
0x87ee5000 - 0x87ee6000  0x1 pages  [USED]   0x0
0x87ee6000 - 0x87ee7000  0x1 pages  [USED]   0x0
0x87ee7000 - 0x87ee8000  0x1 pages  [USED]   0x0
0x87ee8000 - 0x87ee9000  0x1 pages  [USED]   0x0
0x87ee9000 - 0x87eea000  0x1 pages  [USED]   0x0
0x87eea000 - 0x87eeb000  0x1 pages  [USED]   0x0
0x87eeb000 - 0x87eec000  0x1 pages  [USED]   0x0
0x87eec000 - 0x87eed000  0x1 pages  [USED]   0x0
0x87eed000 - 0x87eee000  0x1 pages  [USED]   0x0
0x87eee000 - 0x87eef000  0x1 pages  [USED]   0x0
0x87eef000 - 0x87ef0000  0x1 pages  [USED]   0x0
0x87ef0000 - 0x87ef1000  0x1 pages  [USED]   0x0
0x87ef1000 - 0x87ef2000  0x1 pages  [USED]   0x0
0x87ef2000 - 0x87ef3000  0x1 pages  [USED]   0x0
0x87ef3000 - 0x87ef4000  0x1 pages  [USED]   0x0
0x87ef4000 - 0x87ef5000  0x1 pages  [USED]   0x0
0x87ef5000 - 0x87ef6000  0x1 pages  [USED]   0x0
0x87ef6000 - 0x87ef7000  0x1 pages  [USED]   0x0
0x87ef7000 - 0x87ef8000  0x1 pages  [USED]   0x0
0x87ef8000 - 0x87ef9000  0x1 pages  [USED]   0x0
0x87ef9000 - 0x87efa000  0x1 pages  [USED]   0x0
0x87efa000 - 0x87efb000  0x1 pages  [USED]   0x0
0x87efb000 - 0x87efc000  0x1 pages  [USED]   0x0
0x87efc000 - 0x87efd000  0x1 pages  [USED]   0x0
0x87efd000 - 0x87efe000  0x1 pages  [USED]   0x0
0x87efe000 - 0x87eff000  0x1 pages  [USED]   0x0
0x87eff000 - 0x87f00000  0x1 pages  [USED]   0x0
0x87f00000 - 0x87f01000  0x1 pages  [USED]   0x0
0x87f01000 - 0x87f02000  0x1 pages  [USED]   0x0
0x87f02000 - 0x87f03000  0x1 pages  [USED]   0x0
0x87f03000 - 0x87f04000  0x1 pages  [USED]   0x0
0x87f04000 - 0x87f05000  0x1 pages  [USED]   0x0
0x87f05000 - 0x87f06000  0x1 pages  [USED]   0x0
0x87f06000 - 0x87f07000  0x1 pages  [USED]   0x0
0x87f07000 - 0x87f08000  0x1 pages  [USED]   0x0
0x87f08000 - 0x87f09000  0x1 pages  [USED]   0x0
0x87f09000 - 0x87f0a000  0x1 pages  [USED]   0x0
0x87f0a000 - 0x87f0b000  0x1 pages  [USED]   0x0
0x87f0b000 - 0x87f0c000  0x1 pages  [USED]   0x0
0x87f0c000 - 0x87f0d000  0x1 pages  [USED]   0x0
0x87f0d000 - 0x87f0e000  0x1 pages  [USED]   0x0
0x87f0e000 - 0x87f0f000  0x1 pages  [USED]   0x0
0x87f0f000 - 0x87f10000  0x1 pages  [USED]   0x0
0x87f10000 - 0x87f11000  0x1 pages  [USED]   0x0
0x87f11000 - 0x87f12000  0x1 pages  [USED]   0x0
0x87f12000 - 0x87f13000  0x1 pages  [USED]   0x0
0x87f13000 - 0x87f14000  0x1 pages  [USED]   0x0
print_kpgtbl: OK
[VM:uvmalloc] oldsz=0x400000 newsz=0x800000 xperm=0x4
[KALLOC:alloc_memory] pid=3(pgtbltest) allocated size=400000 at pa=0x0000000087800000 order=10
[VM:uvmalloc] uvmalloc -> mappages cur_va=0x400000 alloc_size=0x400000
[VM:mappages] va=0x0000000000400000 size=0x400000 pa=0x0000000087800000 perm=0x16
[VM:uvmalloc] uvmalloc exiting success newsz=0x800000
print_kpgtbl starting
page table 0x0000000087eaa000
..(next-level)0x0000000000000000: pte 0x0000000021fa7401 pa 0x0000000087e9d000
....(next-level)0x0000000000000000: pte 0x0000000021fa7001 pa 0x0000000087e9c000
......(data)0x0000000000000000: pte 0x0000000021fa785b pa 0x0000000087e9e000, size is 0x2000
......(data)0x0000000000002000: pte 0x0000000021fa6c5b pa 0x0000000087e9b000, size is 0x1000
......(data)0x0000000000003000: pte 0x0000000021fa68d7 pa 0x0000000087e9a000, size is 0x1000
......(data)0x0000000000004000: pte 0x0000000021fa6007 pa 0x0000000087e98000, size is 0x2000
......(data)0x0000000000006000: pte 0x0000000021fb1817 pa 0x0000000087ec6000, size is 0x2000
......(data)0x0000000000008000: pte 0x0000000021fac017 pa 0x0000000087eb0000, size is 0x8000
......(data)0x0000000000010000: pte 0x0000000021fa0017 pa 0x0000000087e80000, size is 0x10000
......(data)0x0000000000020000: pte 0x0000000021f98017 pa 0x0000000087e60000, size is 0x20000
......(data)0x0000000000040000: pte 0x0000000021f80017 pa 0x0000000087e00000, size is 0x40000
......(data)0x0000000000080000: pte 0x0000000020060017 pa 0x0000000080180000, size is 0x80000
......(data)0x0000000000100000: pte 0x0000000021f40017 pa 0x0000000087d00000, size is 0x100000
....(data)0x0000000000200000: pte 0x0000000020080017 pa 0x0000000080200000, size is 0x200000
....(data)0x0000000000400000: pte 0x0000000021e00017 pa 0x0000000087800000, size is 0x400000
..(next-level)0x0000003fc0000000: pte 0x0000000021faa401 pa 0x0000000087ea9000
....(next-level)0x0000003fffe00000: pte 0x0000000021faa001 pa 0x0000000087ea8000
......(data)0x0000003fffffd000: pte 0x0000000021fc4813 pa 0x0000000087f12000, size is 0x1000
......(data)0x0000003fffffe000: pte 0x0000000021fb38c7 pa 0x0000000087ece000, size is 0x1000
......(data)0x0000003ffffff000: pte 0x000000002000384b pa 0x000000008000e000, size is 0x1000
Address Range           Size      State    Order
------------------------------------------------
0x0 - 0x8002c000  0x8002c pages  [Program]   -1
0x8002c000 - 0x800ec000  0xc0 pages  [Membitmaps]   -1
0x800ec000 - 0x800ed000  0x1 pages  [USED]   0x0
0x800ed000 - 0x800ee000  0x1 pages  [USED]   0x0
0x800ee000 - 0x800ef000  0x1 pages  [USED]   0x0
0x800ef000 - 0x800f0000  0x1 pages  [USED]   0x0
0x800f0000 - 0x800f1000  0x1 pages  [USED]   0x0
0x800f1000 - 0x800f2000  0x1 pages  [USED]   0x0
0x800f2000 - 0x800f3000  0x1 pages  [USED]   0x0
0x800f3000 - 0x800f4000  0x1 pages  [USED]   0x0
0x800f4000 - 0x800f5000  0x1 pages  [USED]   0x0
0x800f5000 - 0x800f6000  0x1 pages  [USED]   0x0
0x800f6000 - 0x800f7000  0x1 pages  [USED]   0x0
0x800f7000 - 0x800f8000  0x1 pages  [USED]   0x0
0x800f8000 - 0x800f9000  0x1 pages  [USED]   0x0
0x800f9000 - 0x800fa000  0x1 pages  [USED]   0x0
0x800fa000 - 0x800fb000  0x1 pages  [USED]   0x0
0x800fb000 - 0x800fc000  0x1 pages  [USED]   0x0
0x800fc000 - 0x800fd000  0x1 pages  [USED]   0x0
0x800fd000 - 0x800fe000  0x1 pages  [USED]   0x0
0x800fe000 - 0x800ff000  0x1 pages  [USED]   0x0
0x800ff000 - 0x80100000  0x1 pages  [USED]   0x0
0x80100000 - 0x80180000  0x80 pages  [FREE]   0x7
0x80180000 - 0x80200000  0x80 pages  [USED]   0x7
0x80200000 - 0x80400000  0x200 pages  [USED]   0x9
0x80400000 - 0x80800000  0x400 pages  [FREE]   0xa
0x80800000 - 0x81000000  0x800 pages  [FREE]   0xb
0x81000000 - 0x82000000  0x1000 pages  [FREE]   0xc
0x82000000 - 0x83000000  0x1000 pages  [FREE]   0xc
0x83000000 - 0x84000000  0x1000 pages  [FREE]   0xc
0x84000000 - 0x85000000  0x1000 pages  [FREE]   0xc
0x85000000 - 0x86000000  0x1000 pages  [FREE]   0xc
0x86000000 - 0x87000000  0x1000 pages  [FREE]   0xc
0x87000000 - 0x87800000  0x800 pages  [FREE]   0xb
0x87800000 - 0x87c00000  0x400 pages  [USED]   0xa
0x87c00000 - 0x87d00000  0x100 pages  [FREE]   0x8
0x87d00000 - 0x87e00000  0x100 pages  [USED]   0x8
0x87e00000 - 0x87e40000  0x40 pages  [USED]   0x6
0x87e40000 - 0x87e60000  0x20 pages  [FREE]   0x5
0x87e60000 - 0x87e80000  0x20 pages  [USED]   0x5
0x87e80000 - 0x87e90000  0x10 pages  [USED]   0x4
0x87e90000 - 0x87e98000  0x8 pages  [FREE]   0x3
0x87e98000 - 0x87e9a000  0x2 pages  [USED]   0x1
0x87e9a000 - 0x87e9b000  0x1 pages  [USED]   0x0
0x87e9b000 - 0x87e9c000  0x1 pages  [USED]   0x0
0x87e9c000 - 0x87e9d000  0x1 pages  [USED]   0x0
0x87e9d000 - 0x87e9e000  0x1 pages  [USED]   0x0
0x87e9e000 - 0x87ea0000  0x2 pages  [USED]   0x1
0x87ea0000 - 0x87ea8000  0x8 pages  [FREE]   0x3
0x87ea8000 - 0x87ea9000  0x1 pages  [USED]   0x0
0x87ea9000 - 0x87eaa000  0x1 pages  [USED]   0x0
0x87eaa000 - 0x87eab000  0x1 pages  [USED]   0x0
0x87eab000 - 0x87eac000  0x1 pages  [FREE]   0x0
0x87eac000 - 0x87eb0000  0x4 pages  [FREE]   0x2
0x87eb0000 - 0x87eb8000  0x8 pages  [USED]   0x3
0x87eb8000 - 0x87eb9000  0x1 pages  [USED]   0x0
0x87eb9000 - 0x87eba000  0x1 pages  [USED]   0x0
0x87eba000 - 0x87ebb000  0x1 pages  [USED]   0x0
0x87ebb000 - 0x87ebc000  0x1 pages  [USED]   0x0
0x87ebc000 - 0x87ec0000  0x4 pages  [USED]   0x2
0x87ec0000 - 0x87ec1000  0x1 pages  [USED]   0x0
0x87ec1000 - 0x87ec2000  0x1 pages  [USED]   0x0
0x87ec2000 - 0x87ec3000  0x1 pages  [USED]   0x0
0x87ec3000 - 0x87ec4000  0x1 pages  [USED]   0x0
0x87ec4000 - 0x87ec5000  0x1 pages  [USED]   0x0
0x87ec5000 - 0x87ec6000  0x1 pages  [USED]   0x0
0x87ec6000 - 0x87ec8000  0x2 pages  [USED]   0x1
0x87ec8000 - 0x87ecc000  0x4 pages  [FREE]   0x2
0x87ecc000 - 0x87ece000  0x2 pages  [FREE]   0x1
0x87ece000 - 0x87ecf000  0x1 pages  [USED]   0x0
0x87ecf000 - 0x87ed0000  0x1 pages  [USED]   0x0
0x87ed0000 - 0x87ed1000  0x1 pages  [USED]   0x0
0x87ed1000 - 0x87ed2000  0x1 pages  [USED]   0x0
0x87ed2000 - 0x87ed3000  0x1 pages  [USED]   0x0
0x87ed3000 - 0x87ed4000  0x1 pages  [USED]   0x0
0x87ed4000 - 0x87ed6000  0x2 pages  [USED]   0x1
0x87ed6000 - 0x87ed7000  0x1 pages  [USED]   0x0
0x87ed7000 - 0x87ed8000  0x1 pages  [USED]   0x0
0x87ed8000 - 0x87ed9000  0x1 pages  [USED]   0x0
0x87ed9000 - 0x87eda000  0x1 pages  [USED]   0x0
0x87eda000 - 0x87edc000  0x2 pages  [FREE]   0x1
0x87edc000 - 0x87edd000  0x1 pages  [USED]   0x0
0x87edd000 - 0x87ede000  0x1 pages  [USED]   0x0
0x87ede000 - 0x87edf000  0x1 pages  [USED]   0x0
0x87edf000 - 0x87ee0000  0x1 pages  [USED]   0x0
0x87ee0000 - 0x87ee1000  0x1 pages  [USED]   0x0
0x87ee1000 - 0x87ee2000  0x1 pages  [USED]   0x0
0x87ee2000 - 0x87ee3000  0x1 pages  [USED]   0x0
0x87ee3000 - 0x87ee4000  0x1 pages  [USED]   0x0
0x87ee4000 - 0x87ee5000  0x1 pages  [USED]   0x0
0x87ee5000 - 0x87ee6000  0x1 pages  [USED]   0x0
0x87ee6000 - 0x87ee7000  0x1 pages  [USED]   0x0
0x87ee7000 - 0x87ee8000  0x1 pages  [USED]   0x0
0x87ee8000 - 0x87ee9000  0x1 pages  [USED]   0x0
0x87ee9000 - 0x87eea000  0x1 pages  [USED]   0x0
0x87eea000 - 0x87eeb000  0x1 pages  [USED]   0x0
0x87eeb000 - 0x87eec000  0x1 pages  [USED]   0x0
0x87eec000 - 0x87eed000  0x1 pages  [USED]   0x0
0x87eed000 - 0x87eee000  0x1 pages  [USED]   0x0
0x87eee000 - 0x87eef000  0x1 pages  [USED]   0x0
0x87eef000 - 0x87ef0000  0x1 pages  [USED]   0x0
0x87ef0000 - 0x87ef1000  0x1 pages  [USED]   0x0
0x87ef1000 - 0x87ef2000  0x1 pages  [USED]   0x0
0x87ef2000 - 0x87ef3000  0x1 pages  [USED]   0x0
0x87ef3000 - 0x87ef4000  0x1 pages  [USED]   0x0
0x87ef4000 - 0x87ef5000  0x1 pages  [USED]   0x0
0x87ef5000 - 0x87ef6000  0x1 pages  [USED]   0x0
0x87ef6000 - 0x87ef7000  0x1 pages  [USED]   0x0
0x87ef7000 - 0x87ef8000  0x1 pages  [USED]   0x0
0x87ef8000 - 0x87ef9000  0x1 pages  [USED]   0x0
0x87ef9000 - 0x87efa000  0x1 pages  [USED]   0x0
0x87efa000 - 0x87efb000  0x1 pages  [USED]   0x0
0x87efb000 - 0x87efc000  0x1 pages  [USED]   0x0
0x87efc000 - 0x87efd000  0x1 pages  [USED]   0x0
0x87efd000 - 0x87efe000  0x1 pages  [USED]   0x0
0x87efe000 - 0x87eff000  0x1 pages  [USED]   0x0
0x87eff000 - 0x87f00000  0x1 pages  [USED]   0x0
0x87f00000 - 0x87f01000  0x1 pages  [USED]   0x0
0x87f01000 - 0x87f02000  0x1 pages  [USED]   0x0
0x87f02000 - 0x87f03000  0x1 pages  [USED]   0x0
0x87f03000 - 0x87f04000  0x1 pages  [USED]   0x0
0x87f04000 - 0x87f05000  0x1 pages  [USED]   0x0
0x87f05000 - 0x87f06000  0x1 pages  [USED]   0x0
0x87f06000 - 0x87f07000  0x1 pages  [USED]   0x0
0x87f07000 - 0x87f08000  0x1 pages  [USED]   0x0
0x87f08000 - 0x87f09000  0x1 pages  [USED]   0x0
0x87f09000 - 0x87f0a000  0x1 pages  [USED]   0x0
0x87f0a000 - 0x87f0b000  0x1 pages  [USED]   0x0
0x87f0b000 - 0x87f0c000  0x1 pages  [USED]   0x0
0x87f0c000 - 0x87f0d000  0x1 pages  [USED]   0x0
0x87f0d000 - 0x87f0e000  0x1 pages  [USED]   0x0
0x87f0e000 - 0x87f0f000  0x1 pages  [USED]   0x0
0x87f0f000 - 0x87f10000  0x1 pages  [USED]   0x0
0x87f10000 - 0x87f11000  0x1 pages  [USED]   0x0
0x87f11000 - 0x87f12000  0x1 pages  [USED]   0x0
0x87f12000 - 0x87f13000  0x1 pages  [USED]   0x0
0x87f13000 - 0x87f14000  0x1 pages  [USED]   0x0
print_kpgtbl: OK
  [Info] Re-Alloc 4MB at PA: 0x87800000
[VM:uvmdealloc] oldsz=0x800000 newsz=0x400000
[VM:uvmdealloc] uvmdealloc -> uvmunmap va=0x400000 size=0x400000, remain size is 0x400000
[VM:uvmunmap] va=0x0000000000400000 size=0x400000 do_free=1
[VM:uvmunmap_helper] va=0x0000000000400000 size=0x400000 do_free=1, cur_level is 2
[VM:uvmunmap_helper] va=0x0000000000400000 size=0x400000 do_free=1, cur_level is 1
[VM:uvmdealloc] uvmdealloc exiting newsz=0x400000
buddy_coalesce_test: OK
buddy_odd_size_test starting
[VM:uvmalloc] oldsz=0x400000 newsz=0x403000 xperm=0x4
[KALLOC:alloc_memory] pid=3(pgtbltest) allocated size=2000 at pa=0x0000000087ecc000 order=1
[VM:uvmalloc] uvmalloc -> mappages cur_va=0x400000 alloc_size=0x2000
[VM:mappages] va=0x0000000000400000 size=0x2000 pa=0x0000000087ecc000 perm=0x16
[KALLOC:kalloc] pid=3(pgtbltest) requesting PGSIZE
[KALLOC:alloc_memory] pid=3(pgtbltest) allocated size=1000 at pa=0x0000000087eab000 order=0
[KALLOC:alloc_memory] pid=3(pgtbltest) allocated size=1000 at pa=0x0000000087edb000 order=0
[VM:uvmalloc] uvmalloc -> mappages cur_va=0x402000 alloc_size=0x1000
[VM:mappages] va=0x0000000000402000 size=0x1000 pa=0x0000000087edb000 perm=0x16
[VM:uvmalloc] uvmalloc exiting success newsz=0x403000
  [Info] PA list: 0x87ECC000, 0x87ECD000, 0x87EDB000
  [Note] sbrk(3*PGSIZE) returned non-contiguous physical pages.
[VM:uvmdealloc] oldsz=0x403000 newsz=0x400000
[VM:uvmdealloc] uvmdealloc -> uvmunmap va=0x402000 size=0x1000, remain size is 0x3000
[VM:uvmunmap] va=0x0000000000402000 size=0x1000 do_free=1
[VM:uvmunmap_helper] va=0x0000000000402000 size=0x1000 do_free=1, cur_level is 2
[VM:uvmunmap_helper] va=0x0000000000402000 size=0x1000 do_free=1, cur_level is 1
[VM:uvmunmap_helper] va=0x0000000000402000 size=0x1000 do_free=1, cur_level is 0
[VM:uvmdealloc] uvmdealloc -> uvmunmap va=0x400000 size=0x2000, remain size is 0x2000
[VM:uvmunmap] va=0x0000000000400000 size=0x2000 do_free=1
[VM:uvmunmap_helper] va=0x0000000000400000 size=0x2000 do_free=1, cur_level is 2
[VM:uvmunmap_helper] va=0x0000000000400000 size=0x2000 do_free=1, cur_level is 1
[VM:uvmunmap_helper] va=0x0000000000400000 size=0x2000 do_free=1, cur_level is 0
[VM:uvmdealloc] uvmdealloc exiting newsz=0x400000
buddy_odd_size_test: OK
pgtbltest: all tests succeeded
[KALLOC:kfree] pid=2(sh) freeing pa=0x0000000087ece000
[VM:uvmunmap] va=0x0000003ffffff000 size=0x1000 do_free=0
[VM:uvmunmap_helper] va=0x0000003ffffff000 size=0x1000 do_free=0, cur_level is 2
[VM:uvmunmap_helper] va=0x0000003ffffff000 size=0x1000 do_free=0, cur_level is 1
[VM:uvmunmap_helper] va=0x0000003ffffff000 size=0x1000 do_free=0, cur_level is 0
[VM:uvmunmap] va=0x0000003fffffe000 size=0x1000 do_free=0
[VM:uvmunmap_helper] va=0x0000003fffffe000 size=0x1000 do_free=0, cur_level is 2
[VM:uvmunmap_helper] va=0x0000003fffffe000 size=0x1000 do_free=0, cur_level is 1
[VM:uvmunmap_helper] va=0x0000003fffffe000 size=0x1000 do_free=0, cur_level is 0
[VM:uvmunmap] va=0x0000003fffffd000 size=0x1000 do_free=0
[VM:uvmunmap_helper] va=0x0000003fffffd000 size=0x1000 do_free=0, cur_level is 2
[VM:uvmunmap_helper] va=0x0000003fffffd000 size=0x1000 do_free=0, cur_level is 1
[VM:uvmunmap_helper] va=0x0000003fffffd000 size=0x1000 do_free=0, cur_level is 0
[VM:freewalk] Freewalk Start: pt=0x0000000087eaa000 base_va=0x0 max_sz=0x400000
[VM:freewalk] Dir: idx=0 va=0x0 -> next_pa=0x0000000087e9d000
[VM:freewalk]   |-- Dir: idx=0 va=0x0 -> next_pa=0x0000000087e9c000
[VM:freewalk]   |    |-- Leaf: idx=0 va=0x0 pa=0x0000000087e9e000 order=1 size=0x2000 (step=2)
[VM:freewalk]   |    |-- Leaf: idx=2 va=0x2000 pa=0x0000000087e9b000 order=0 size=0x1000 (step=1)
[VM:freewalk]   |    |-- Leaf: idx=3 va=0x3000 pa=0x0000000087e9a000 order=0 size=0x1000 (step=1)
[VM:freewalk]   |    |-- Leaf: idx=4 va=0x4000 pa=0x0000000087e98000 order=1 size=0x2000 (step=2)
[VM:freewalk]   |    |-- Leaf: idx=6 va=0x6000 pa=0x0000000087ec6000 order=1 size=0x2000 (step=2)
[VM:freewalk]   |    |-- Leaf: idx=8 va=0x8000 pa=0x0000000087eb0000 order=3 size=0x8000 (step=8)
[VM:freewalk]   |    |-- Leaf: idx=16 va=0x10000 pa=0x0000000087e80000 order=4 size=0x10000 (step=16)
[VM:freewalk]   |    |-- Leaf: idx=32 va=0x20000 pa=0x0000000087e60000 order=5 size=0x20000 (step=32)
[VM:freewalk]   |    |-- Leaf: idx=64 va=0x40000 pa=0x0000000087e00000 order=6 size=0x40000 (step=64)
[VM:freewalk]   |    |-- Leaf: idx=128 va=0x80000 pa=0x0000000080180000 order=7 size=0x80000 (step=128)
[VM:freewalk]   |    |-- Leaf: idx=256 va=0x100000 pa=0x0000000087d00000 order=8 size=0x100000 (step=256)
[VM:freewalk]   |-- Leaf: idx=1 va=0x200000 pa=0x0000000080200000 order=9 size=0x200000 (step=1)
$ QEMU: Terminated
