Undefined command: "plist".  Try "help".
#0  rb_erase (node=0x87d95350, root=0x80147f18 <global_mm+8>) at kernel/rbtree_impl.c:197
#1  0x000000008001339a in remove_vma (mm=0x80147f10 <global_mm>, vma=0x87d95300)
    at kernel/kvm.c:965
#2  0x0000000080013830 in kvmdealloc_range (Kpagetable=0x87dce000, va_start=0x90000000, 
    va_end=0x90023000) at kernel/kvm.c:1072
#3  0x0000000080013e7e in kvmdealloc (Kpagetable=0x87dce000, start_va=0x90000000, sz=0x23000)
    at kernel/kvm.c:1221
#4  0x0000000080014f44 in test_kvm_stress_worker (iters=0x4e20, max_live=0x100, max_pages=0x40)
    at kernel/kvm.c:1557
#5  0x00000000800191d2 in sys_load_debug_sym () at kernel/printf.c:340
#6  0x000000008000a626 in syscall () at kernel/syscall.c:206
#7  0x0000000080009b50 in usertrap () at kernel/trap.c:56
#8  0x0000003ffffff09c in ?? ()

=== Walking List: root->rb_parent (via ->rb_left) ===

[0] @ 0x87d950f8
 |
 V
[1] @ 0x87d95080
 |
 V
[2] @ 0x87d95170
 |
 X (NULL)



=== Walking List: root->rb_parent (via ->rb_right) ===

[0] @ 0x87d950f8
 |
 V
[1] @ 0x87d95260
 |
 V
[2] @ 0x87d952d8
 |
 X (NULL)


$5 = (rb_node_t *) 0x87d950f8
$6 = (rb_node_t *) 0x87d95350
$7 = {rb_parent_color = 0x87d952d9, rb_left = 0x0, rb_right = 0x0}
Error parsing pointer: A syntax error in expression, near `'.

=== Tree View: root->rb_parent (L: rb_left, R: rb_right) ===

[Root] @ 0x87d950f8
├── [L] @ 0x87d95080
│   └── [L] @ 0x87d95170
└── [R] @ 0x87d95260
    ├── [L] @ 0x87d951e8
    └── [R] @ 0x87d952d8
        └── [L] @ 0x87d95350


$8 = (rb_node_t *) 0x87d95350
$9 = (rb_node_t *) 0x87d952d8
$10 = {rb_parent_color = 0x87d95260, rb_left = 0x87d95350, rb_right = 0x0}
$11 = {rb_parent_color = 0x87d95260, rb_left = 0x0, rb_right = 0x0}
$12 = (rb_node_t *) 0x0
$13 = (rb_node_t *) 0x87d952d8
$14 = (rb_node_t *) 0x87d95350
$15 = 0x1
my_earse_color (node=0x0, parent=0x87d952d8, root=0x80147f18 <global_mm+8>) at kernel/rbtree_impl.c:294
$16 = 0x0

=== RB Tree View: root->rb_parent ===
Fields: L->rb_left, R->rb_right, PC->rb_parent_color

[Root] (BLK) @ 0x87d950f8
├── [L] (RED) @ 0x87d95080
│   └── [L] (BLK) @ 0x87d95170
└── [R] (BLK) @ 0x87d900f8
    ├── [L] (RED) @ 0x87d95260
    │   ├── [L] (BLK) @ 0x87d951e8
    │   └── [R] (BLK) @ 0x87d90080
    └── [R] (BLK) @ 0x87d90260
        ├── [L] (RED) @ 0x87d90170
        │   └── [R] (BLK) @ 0x87d901e8
        └── [R] (RED) @ 0x87d952d8
            └── [L] (RED) @ 0x87d902d8
                └── [R] (BLK) @ 0x87d90350



=== Walking List: mm->mmap (via ->vm_next) ===

[0] @ 0x87d95120 | vm_start: 0xc000000 | vm_end: 0x10000000
 |
 V
[1] @ 0x87d95030 | vm_start: 0x10000000 | vm_end: 0x10001000
 |
 V
[2] @ 0x87d950a8 | vm_start: 0x10001000 | vm_end: 0x10002000
 |
 V
[3] @ 0x87d95198 | vm_start: 0x80000000 | vm_end: 0x8001c000
 |
 V
[4] @ 0x87d95210 | vm_start: 0x8001c000 | vm_end: 0x88000000
 |
 V
[5] @ 0x87d90030 | vm_start: 0x90000000 | vm_end: 0x90015000
 |
 V
[6] @ 0x87d900a8 | vm_start: 0x90015000 | vm_end: 0x9001e000
 |
 V
[7] @ 0x87d90120 | vm_start: 0x9001e000 | vm_end: 0x9003e000
 |
 V
[8] @ 0x87d90198 | vm_start: 0x9003e000 | vm_end: 0x9005e000
 |
 V
[9] @ 0x87d90210 | vm_start: 0x9005e000 | vm_end: 0x90085000
 |
 V
[10] @ 0x87d90288 | vm_start: 0x90085000 | vm_end: 0x900ab000
 |
 V
[11] @ 0x87d95288 | vm_start: 0x3ffffff000 | vm_end: 0x4000000000
 |
 X (NULL)


#0  panic (s=0x8001e7c8 "1.\n") at kernel/printf.c:443
#1  0x0000000080012a40 in find_vma_and_get (mm=0x80147f50 <global_mm>, 
    addr=0x9003e000) at kernel/kvm.c:756
#2  0x00000000800137b2 in kvmdealloc_range (Kpagetable=0x87dce000, 
    va_start=0x9003e000, va_end=0x9005e000) at kernel/kvm.c:1064
#3  0x0000000080013e8e in kvmdealloc (Kpagetable=0x87dce000, 
    start_va=0x9003e000, sz=0x20000) at kernel/kvm.c:1227
#4  0x0000000080014f62 in test_kvm_stress_worker (iters=0x4e20, 
    max_live=0x100, max_pages=0x40) at kernel/kvm.c:1564
#5  0x00000000800191f0 in sys_load_debug_sym () at kernel/printf.c:340
#6  0x000000008000a626 in syscall () at kernel/syscall.c:206
#7  0x0000000080009b50 in usertrap () at kernel/trap.c:56
#8  0x0000003ffffff09c in ?? ()
#1  0x0000000080012a40 in find_vma_and_get (mm=0x80147f50 <global_mm>, 
    addr=0x9003e000) at kernel/kvm.c:756
vma = 0x87d90198
Continuing.

Thread 1 received signal SIGINT, Interrupt.
panic (s=0x8001d5a8 "kerneltrap") at kernel/printf.c:443
#0  panic (s=0x8001d5a8 "kerneltrap") at kernel/printf.c:443
#1  0x0000000080009eac in kerneltrap () at kernel/trap.c:146
#2  <signal handler called>
   0x000000008000faa4 <kernelvec+52>:	82 60	ld	ra,0(sp)
#3  0x0000000000000000 in ?? ()
#4  0x0000000080016a92 in my_erase_color (node=0x87d95260, parent=0x87d952d8, 
    root=0x80147f58 <global_mm+8>) at kernel/rbtree_impl.c:300
#5  0x00000000800169aa in rb_erase (node=0x80279170, 
    root=0x80147f58 <global_mm+8>) at kernel/rbtree_impl.c:281
#6  0x00000000800133cc in remove_vma (mm=0x80147f50 <global_mm>, 
    vma=0x80279120) at kernel/kvm.c:970
#7  0x0000000080013862 in kvmdealloc_range (Kpagetable=0x87dce000, 
    va_start=0x90020000, va_end=0x90055000) at kernel/kvm.c:1077
#8  0x0000000080013eba in kvmdealloc (Kpagetable=0x87dce000, 
    start_va=0x90020000, sz=0x35000) at kernel/kvm.c:1227
#9  0x0000000080014f8e in test_kvm_stress_worker (iters=0x4e20, 
    max_live=0x100, max_pages=0x40) at kernel/kvm.c:1564
#10 0x000000008001921c in sys_load_debug_sym () at kernel/printf.c:340
#11 0x000000008000a626 in syscall () at kernel/syscall.c:206
#12 0x0000000080009b50 in usertrap () at kernel/trap.c:56
#13 0x0000003ffffff09c in ?? ()
#4  0x0000000080016a92 in my_erase_color (node=0x87d95260, parent=0x87d952d8, 
    root=0x80147f58 <global_mm+8>) at kernel/rbtree_impl.c:300

=== RB Tree View: root->rb_parent ===
Fields: L->rb_left, R->rb_right, PC->rb_parent_color

[Root] (BLK) @ 0x87d951e8
├── [L] (BLK) @ 0x87d95080
│   ├── [L] (BLK) @ 0x87d95170
│   └── [R] (BLK) @ 0x87d950f8
└── [R] (BLK) @ 0x87d952d8
    └── [L] (BLK) @ 0x87d95260


other = 0x0
#0  panic (s=0x8001d5a8 "kerneltrap") at kernel/printf.c:443
#1  0x0000000080009eac in kerneltrap () at kernel/trap.c:146
#2  <signal handler called>
   0x000000008000faa4 <kernelvec+52>:	82 60	ld	ra,0(sp)
#3  0x0000000000000000 in ?? ()
#4  0x0000000080016a92 in my_erase_color (node=0x87d95260, parent=0x87d952d8, 
    root=0x80147f58 <global_mm+8>) at kernel/rbtree_impl.c:300
#5  0x00000000800169aa in rb_erase (node=0x80279170, 
    root=0x80147f58 <global_mm+8>) at kernel/rbtree_impl.c:281
#6  0x00000000800133cc in remove_vma (mm=0x80147f50 <global_mm>, 
    vma=0x80279120) at kernel/kvm.c:970
#7  0x0000000080013862 in kvmdealloc_range (Kpagetable=0x87dce000, 
    va_start=0x90020000, va_end=0x90055000) at kernel/kvm.c:1077
#8  0x0000000080013eba in kvmdealloc (Kpagetable=0x87dce000, 
    start_va=0x90020000, sz=0x35000) at kernel/kvm.c:1227
#9  0x0000000080014f8e in test_kvm_stress_worker (iters=0x4e20, 
    max_live=0x100, max_pages=0x40) at kernel/kvm.c:1564
#10 0x000000008001921c in sys_load_debug_sym () at kernel/printf.c:340
#11 0x000000008000a626 in syscall () at kernel/syscall.c:206
#12 0x0000000080009b50 in usertrap () at kernel/trap.c:56
#13 0x0000003ffffff09c in ?? ()
#5  0x00000000800169aa in rb_erase (node=0x80279170, 
    root=0x80147f58 <global_mm+8>) at kernel/rbtree_impl.c:281
$1 = 0x1
