
xv6 kernel is booting

[36m[INFO]  Freeing unused kernel memory: 4 KB[0m
hart 2 starting
hart 3 starting
hart 1 starting
[36m[INFO]  Freeing unused kernel memory: 4 KB[0m
[36m[INFO]  Freeing unused kernel memory: 4 KB[0m
[36m[INFO]  Freeing unused kernel memory: 4 KB[0m
Swap out started on pid 1
[36m[INFO]  uvmalloc -> mappages cur_ctx1->seg_start=0x1000 alloc_size=0x1000
[0m
[36m[INFO]  uvmalloc -> mappages cur_ctx1->seg_start=0x2000 alloc_size=0x2000
[0m
[36m[INFO]  from elf,loading vma->vm_start=0x1000, vma->vm_end=0x4000 and pg.filesz is 0x2157[0m
[36m[INFO]  uvmalloc -> mappages cur_ctx1->seg_start=0x4000 alloc_size=0x1000
[0m
[36m[INFO]  from elf,loading vma->vm_start=0x4000, vma->vm_end=0x5000 and pg.filesz is 0x21[0m
[36m[INFO]  uvmalloc -> mappages cur_ctx1->seg_start=0x5000 alloc_size=0x1000
[0m
[36m[INFO]  uvmalloc -> mappages cur_ctx1->seg_start=0x6000 alloc_size=0x2000
[0m
[36m[INFO]  Now alloc and mappage a new stack area in 0x877f0000[0m
[36m[INFO]  stack_vma->vm_start=0x6000, stack_vma->vm_end=0x7000[0m
[36m[INFO]  heap_vma->vm_start=0x8000, heap_vma->vm_end=0x8000[0m
now the allocated data is 0x10000, and str_len is 0x1000
Now load_debug_sym(vm version) succeed.
init: starting sh
1
1
[36m[INFO]  uvmalloc -> mappages cur_ctx1->seg_start=0x1000 alloc_size=0x1000
[0m
[36m[INFO]  uvmalloc -> mappages cur_ctx1->seg_start=0x2000 alloc_size=0x2000
[0m
[36m[INFO]  uvmalloc -> mappages cur_ctx1->seg_start=0x4000 alloc_size=0x2000
[0m
[36m[INFO]  uvmalloc -> mappages cur_ctx1->seg_start=0x6000 alloc_size=0x1000
[0m
[36m[INFO]  from elf,loading vma->vm_start=0x1000, vma->vm_end=0x7000 and pg.filesz is 0x5647[0m
[36m[INFO]  uvmalloc -> mappages cur_ctx1->seg_start=0x7000 alloc_size=0x1000
[0m
[36m[INFO]  uvmalloc -> mappages cur_ctx1->seg_start=0x8000 alloc_size=0x1000
[0m
[36m[INFO]  from elf,loading vma->vm_start=0x7000, vma->vm_end=0x9000 and pg.filesz is 0x31[0m
[36m[INFO]  uvmalloc -> mappages cur_ctx1->seg_start=0x9000 alloc_size=0x1000
[0m
[36m[INFO]  uvmalloc -> mappages cur_ctx1->seg_start=0xa000 alloc_size=0x2000
[0m
[36m[INFO]  Now alloc and mappage a new stack area in 0x86fff000[0m
[36m[INFO]  stack_vma->vm_start=0xa000, stack_vma->vm_end=0xb000[0m
[36m[INFO]  heap_vma->vm_start=0xc000, heap_vma->vm_end=0xc000[0m
$ ecgi  ho 123
QEMU: Terminated
